Archive member included to satisfy reference by file (symbol)

/usr/local/Cellar/arm-none-eabi-gcc/10.3-2021.07/gcc/bin/../lib/gcc/arm-none-eabi/10.3.1/thumb/v7e-m+fp/hard/libgcc.a(_aeabi_uldivmod.o)
                              CMakeFiles/13-socket.elf.dir/Drivers/STM32F4xx_HAL_Driver/Src/stm32f4xx_hal_rcc.c.obj (__aeabi_uldivmod)
/usr/local/Cellar/arm-none-eabi-gcc/10.3-2021.07/gcc/bin/../lib/gcc/arm-none-eabi/10.3.1/thumb/v7e-m+fp/hard/libgcc.a(_udivmoddi4.o)
                              /usr/local/Cellar/arm-none-eabi-gcc/10.3-2021.07/gcc/bin/../lib/gcc/arm-none-eabi/10.3.1/thumb/v7e-m+fp/hard/libgcc.a(_aeabi_uldivmod.o) (__udivmoddi4)
/usr/local/Cellar/arm-none-eabi-gcc/10.3-2021.07/gcc/bin/../lib/gcc/arm-none-eabi/10.3.1/thumb/v7e-m+fp/hard/libgcc.a(_dvmd_tls.o)
                              /usr/local/Cellar/arm-none-eabi-gcc/10.3-2021.07/gcc/bin/../lib/gcc/arm-none-eabi/10.3.1/thumb/v7e-m+fp/hard/libgcc.a(_aeabi_uldivmod.o) (__aeabi_ldiv0)
/usr/local/Cellar/arm-none-eabi-gcc/10.3-2021.07/gcc/bin/../lib/gcc/arm-none-eabi/10.3.1/../../../../arm-none-eabi/lib/thumb/v7e-m+fp/hard/libg.a(lib_a-atoi.o)
                              CMakeFiles/13-socket.elf.dir/Middlewares/Third_Party/LwIP/src/core/netif.c.obj (atoi)
/usr/local/Cellar/arm-none-eabi-gcc/10.3-2021.07/gcc/bin/../lib/gcc/arm-none-eabi/10.3.1/../../../../arm-none-eabi/lib/thumb/v7e-m+fp/hard/libg.a(lib_a-ctype_.o)
                              CMakeFiles/13-socket.elf.dir/Middlewares/Third_Party/LwIP/src/core/ipv4/ip4_addr.c.obj (_ctype_)
/usr/local/Cellar/arm-none-eabi-gcc/10.3-2021.07/gcc/bin/../lib/gcc/arm-none-eabi/10.3.1/../../../../arm-none-eabi/lib/thumb/v7e-m+fp/hard/libg.a(lib_a-exit.o)
                              /usr/local/Cellar/arm-none-eabi-gcc/10.3-2021.07/gcc/bin/../lib/gcc/arm-none-eabi/10.3.1/../../../../arm-none-eabi/lib/thumb/v7e-m+fp/hard/crt0.o (exit)
/usr/local/Cellar/arm-none-eabi-gcc/10.3-2021.07/gcc/bin/../lib/gcc/arm-none-eabi/10.3.1/../../../../arm-none-eabi/lib/thumb/v7e-m+fp/hard/libg.a(lib_a-impure.o)
                              /usr/local/Cellar/arm-none-eabi-gcc/10.3-2021.07/gcc/bin/../lib/gcc/arm-none-eabi/10.3.1/../../../../arm-none-eabi/lib/thumb/v7e-m+fp/hard/libg.a(lib_a-exit.o) (_global_impure_ptr)
/usr/local/Cellar/arm-none-eabi-gcc/10.3-2021.07/gcc/bin/../lib/gcc/arm-none-eabi/10.3.1/../../../../arm-none-eabi/lib/thumb/v7e-m+fp/hard/libg.a(lib_a-init.o)
                              /usr/local/Cellar/arm-none-eabi-gcc/10.3-2021.07/gcc/bin/../lib/gcc/arm-none-eabi/10.3.1/../../../../arm-none-eabi/lib/thumb/v7e-m+fp/hard/crt0.o (__libc_init_array)
/usr/local/Cellar/arm-none-eabi-gcc/10.3-2021.07/gcc/bin/../lib/gcc/arm-none-eabi/10.3.1/../../../../arm-none-eabi/lib/thumb/v7e-m+fp/hard/libg.a(lib_a-memcmp.o)
                              CMakeFiles/13-socket.elf.dir/Middlewares/Third_Party/LwIP/src/netif/bridgeif_fdb.c.obj (memcmp)
/usr/local/Cellar/arm-none-eabi-gcc/10.3-2021.07/gcc/bin/../lib/gcc/arm-none-eabi/10.3.1/../../../../arm-none-eabi/lib/thumb/v7e-m+fp/hard/libg.a(lib_a-memcpy.o)
                              CMakeFiles/13-socket.elf.dir/Middlewares/Third_Party/FreeRTOS/Source/CMSIS_RTOS_V2/cmsis_os2.c.obj (memcpy)
/usr/local/Cellar/arm-none-eabi-gcc/10.3-2021.07/gcc/bin/../lib/gcc/arm-none-eabi/10.3.1/../../../../arm-none-eabi/lib/thumb/v7e-m+fp/hard/libg.a(lib_a-memmove.o)
                              CMakeFiles/13-socket.elf.dir/Middlewares/Third_Party/LwIP/src/core/def.c.obj (memmove)
/usr/local/Cellar/arm-none-eabi-gcc/10.3-2021.07/gcc/bin/../lib/gcc/arm-none-eabi/10.3.1/../../../../arm-none-eabi/lib/thumb/v7e-m+fp/hard/libg.a(lib_a-memset.o)
                              /usr/local/Cellar/arm-none-eabi-gcc/10.3-2021.07/gcc/bin/../lib/gcc/arm-none-eabi/10.3.1/../../../../arm-none-eabi/lib/thumb/v7e-m+fp/hard/crt0.o (memset)
/usr/local/Cellar/arm-none-eabi-gcc/10.3-2021.07/gcc/bin/../lib/gcc/arm-none-eabi/10.3.1/../../../../arm-none-eabi/lib/thumb/v7e-m+fp/hard/libg.a(lib_a-printf.o)
                              CMakeFiles/13-socket.elf.dir/Core/Src/freertos.c.obj (printf)
/usr/local/Cellar/arm-none-eabi-gcc/10.3-2021.07/gcc/bin/../lib/gcc/arm-none-eabi/10.3.1/../../../../arm-none-eabi/lib/thumb/v7e-m+fp/hard/libg.a(lib_a-puts.o)
                              CMakeFiles/13-socket.elf.dir/Core/Src/freertos.c.obj (puts)
/usr/local/Cellar/arm-none-eabi-gcc/10.3-2021.07/gcc/bin/../lib/gcc/arm-none-eabi/10.3.1/../../../../arm-none-eabi/lib/thumb/v7e-m+fp/hard/libg.a(lib_a-rand.o)
                              CMakeFiles/13-socket.elf.dir/Middlewares/Third_Party/LwIP/src/core/ipv4/dhcp.c.obj (rand)
/usr/local/Cellar/arm-none-eabi-gcc/10.3-2021.07/gcc/bin/../lib/gcc/arm-none-eabi/10.3.1/../../../../arm-none-eabi/lib/thumb/v7e-m+fp/hard/libg.a(lib_a-reent.o)
                              CMakeFiles/13-socket.elf.dir/Middlewares/Third_Party/FreeRTOS/Source/tasks.c.obj (_reclaim_reent)
[...]
Memory Configuration

Name             Origin             Length             Attributes
CCMRAM           0x0000000010000000 0x0000000000010000 xrw
RAM              0x0000000020000000 0x0000000000020000 xrw
FLASH            0x0000000008000000 0x0000000000100000 xr
*default*        0x0000000000000000 0xffffffffffffffff

Linker script and memory map

LOAD /usr/local/Cellar/arm-none-eabi-gcc/10.3-2021.07/gcc/bin/../lib/gcc/arm-none-eabi/10.3.1/thumb/v7e-m+fp/hard/crti.o
LOAD /usr/local/Cellar/arm-none-eabi-gcc/10.3-2021.07/gcc/bin/../lib/gcc/arm-none-eabi/10.3.1/thumb/v7e-m+fp/hard/crtbegin.o
LOAD /usr/local/Cellar/arm-none-eabi-gcc/10.3-2021.07/gcc/bin/../lib/gcc/arm-none-eabi/10.3.1/../../../../arm-none-eabi/lib/thumb/v7e-m+fp/hard/crt0.o
LOAD CMakeFiles/13-socket.elf.dir/Core/Src/freertos.c.obj
LOAD CMakeFiles/13-socket.elf.dir/Core/Src/gpio.c.obj
LOAD CMakeFiles/13-socket.elf.dir/Core/Src/main.c.obj
LOAD CMakeFiles/13-socket.elf.dir/Core/Src/stm32f4xx_hal_msp.c.obj
LOAD CMakeFiles/13-socket.elf.dir/Core/Src/stm32f4xx_hal_timebase_tim.c.obj
LOAD CMakeFiles/13-socket.elf.dir/Core/Src/stm32f4xx_it.c.obj
LOAD CMakeFiles/13-socket.elf.dir/Core/Src/syscalls.c.obj
LOAD CMakeFiles/13-socket.elf.dir/Core/Src/sysmem.c.obj
LOAD CMakeFiles/13-socket.elf.dir/Core/Src/system_stm32f4xx.c.obj
LOAD CMakeFiles/13-socket.elf.dir/Core/Src/tcp_socket.c.obj
LOAD CMakeFiles/13-socket.elf.dir/Core/Src/usart.c.obj
LOAD CMakeFiles/13-socket.elf.dir/Core/Startup/startup_stm32f407zgtx.s.obj
LOAD CMakeFiles/13-socket.elf.dir/Drivers/BSP/Components/lan8742/lan8742.c.obj
LOAD CMakeFiles/13-socket.elf.dir/Drivers/STM32F4xx_HAL_Driver/Src/stm32f4xx_hal.c.obj
LOAD CMakeFiles/13-socket.elf.dir/Drivers/STM32F4xx_HAL_Driver/Src/stm32f4xx_hal_cortex.c.obj
LOAD CMakeFiles/13-socket.elf.dir/Drivers/STM32F4xx_HAL_Driver/Src/stm32f4xx_hal_dma.c.obj
LOAD CMakeFiles/13-socket.elf.dir/Drivers/STM32F4xx_HAL_Driver/Src/stm32f4xx_hal_dma_ex.c.obj
LOAD CMakeFiles/13-socket.elf.dir/Drivers/STM32F4xx_HAL_Driver/Src/stm32f4xx_hal_eth.c.obj
LOAD CMakeFiles/13-socket.elf.dir/Drivers/STM32F4xx_HAL_Driver/Src/stm32f4xx_hal_exti.c.obj
LOAD CMakeFiles/13-socket.elf.dir/Drivers/STM32F4xx_HAL_Driver/Src/stm32f4xx_hal_flash.c.obj
LOAD CMakeFiles/13-socket.elf.dir/Drivers/STM32F4xx_HAL_Driver/Src/stm32f4xx_hal_flash_ex.c.obj
LOAD CMakeFiles/13-socket.elf.dir/Drivers/STM32F4xx_HAL_Driver/Src/stm32f4xx_hal_flash_ramfunc.c.obj
LOAD CMakeFiles/13-socket.elf.dir/Drivers/STM32F4xx_HAL_Driver/Src/stm32f4xx_hal_gpio.c.obj
LOAD CMakeFiles/13-socket.elf.dir/Drivers/STM32F4xx_HAL_Driver/Src/stm32f4xx_hal_pwr.c.obj
LOAD CMakeFiles/13-socket.elf.dir/Drivers/STM32F4xx_HAL_Driver/Src/stm32f4xx_hal_pwr_ex.c.obj
LOAD CMakeFiles/13-socket.elf.dir/Drivers/STM32F4xx_HAL_Driver/Src/stm32f4xx_hal_rcc.c.obj
LOAD CMakeFiles/13-socket.elf.dir/Drivers/STM32F4xx_HAL_Driver/Src/stm32f4xx_hal_rcc_ex.c.obj
LOAD CMakeFiles/13-socket.elf.dir/Drivers/STM32F4xx_HAL_Driver/Src/stm32f4xx_hal_tim.c.obj
LOAD CMakeFiles/13-socket.elf.dir/Drivers/STM32F4xx_HAL_Driver/Src/stm32f4xx_hal_tim_ex.c.obj
LOAD CMakeFiles/13-socket.elf.dir/Drivers/STM32F4xx_HAL_Driver/Src/stm32f4xx_hal_uart.c.obj
LOAD CMakeFiles/13-socket.elf.dir/LWIP/App/lwip.c.obj
LOAD CMakeFiles/13-socket.elf.dir/LWIP/Target/ethernetif.c.obj
LOAD CMakeFiles/13-socket.elf.dir/Middlewares/Third_Party/FreeRTOS/Source/CMSIS_RTOS_V2/cmsis_os2.c.obj
LOAD CMakeFiles/13-socket.elf.dir/Middlewares/Third_Party/FreeRTOS/Source/croutine.c.obj
LOAD CMakeFiles/13-socket.elf.dir/Middlewares/Third_Party/FreeRTOS/Source/event_groups.c.obj
LOAD CMakeFiles/13-socket.elf.dir/Middlewares/Third_Party/FreeRTOS/Source/list.c.obj
LOAD CMakeFiles/13-socket.elf.dir/Middlewares/Third_Party/FreeRTOS/Source/portable/GCC/ARM_CM4F/port.c.obj
LOAD CMakeFiles/13-socket.elf.dir/Middlewares/Third_Party/FreeRTOS/Source/portable/MemMang/heap_4.c.obj
LOAD CMakeFiles/13-socket.elf.dir/Middlewares/Third_Party/FreeRTOS/Source/queue.c.obj
LOAD CMakeFiles/13-socket.elf.dir/Middlewares/Third_Party/FreeRTOS/Source/stream_buffer.c.obj
LOAD CMakeFiles/13-socket.elf.dir/Middlewares/Third_Party/FreeRTOS/Source/tasks.c.obj
LOAD CMakeFiles/13-socket.elf.dir/Middlewares/Third_Party/FreeRTOS/Source/timers.c.obj
LOAD CMakeFiles/13-socket.elf.dir/Middlewares/Third_Party/LwIP/src/api/api_lib.c.obj
LOAD CMakeFiles/13-socket.elf.dir/Middlewares/Third_Party/LwIP/src/api/api_msg.c.obj
LOAD CMakeFiles/13-socket.elf.dir/Middlewares/Third_Party/LwIP/src/api/err.c.obj
LOAD CMakeFiles/13-socket.elf.dir/Middlewares/Third_Party/LwIP/src/api/if_api.c.obj
LOAD CMakeFiles/13-socket.elf.dir/Middlewares/Third_Party/LwIP/src/api/netbuf.c.obj
LOAD CMakeFiles/13-socket.elf.dir/Middlewares/Third_Party/LwIP/src/api/netdb.c.obj
LOAD CMakeFiles/13-socket.elf.dir/Middlewares/Third_Party/LwIP/src/api/netifapi.c.obj
LOAD CMakeFiles/13-socket.elf.dir/Middlewares/Third_Party/LwIP/src/api/sockets.c.obj
LOAD CMakeFiles/13-socket.elf.dir/Middlewares/Third_Party/LwIP/src/api/tcpip.c.obj
LOAD CMakeFiles/13-socket.elf.dir/Middlewares/Third_Party/LwIP/src/apps/mqtt/mqtt.c.obj
LOAD CMakeFiles/13-socket.elf.dir/Middlewares/Third_Party/LwIP/src/core/altcp.c.obj
LOAD CMakeFiles/13-socket.elf.dir/Middlewares/Third_Party/LwIP/src/core/altcp_alloc.c.obj
LOAD CMakeFiles/13-socket.elf.dir/Middlewares/Third_Party/LwIP/src/core/altcp_tcp.c.obj
LOAD CMakeFiles/13-socket.elf.dir/Middlewares/Third_Party/LwIP/src/core/def.c.obj
LOAD CMakeFiles/13-socket.elf.dir/Middlewares/Third_Party/LwIP/src/core/dns.c.obj
LOAD CMakeFiles/13-socket.elf.dir/Middlewares/Third_Party/LwIP/src/core/inet_chksum.c.obj
LOAD CMakeFiles/13-socket.elf.dir/Middlewares/Third_Party/LwIP/src/core/init.c.obj
LOAD CMakeFiles/13-socket.elf.dir/Middlewares/Third_Party/LwIP/src/core/ip.c.obj
LOAD CMakeFiles/13-socket.elf.dir/Middlewares/Third_Party/LwIP/src/core/ipv4/autoip.c.obj
LOAD CMakeFiles/13-socket.elf.dir/Middlewares/Third_Party/LwIP/src/core/ipv4/dhcp.c.obj
LOAD CMakeFiles/13-socket.elf.dir/Middlewares/Third_Party/LwIP/src/core/ipv4/etharp.c.obj
LOAD CMakeFiles/13-socket.elf.dir/Middlewares/Third_Party/LwIP/src/core/ipv4/icmp.c.obj
LOAD CMakeFiles/13-socket.elf.dir/Middlewares/Third_Party/LwIP/src/core/ipv4/igmp.c.obj
LOAD CMakeFiles/13-socket.elf.dir/Middlewares/Third_Party/LwIP/src/core/ipv4/ip4.c.obj
LOAD CMakeFiles/13-socket.elf.dir/Middlewares/Third_Party/LwIP/src/core/ipv4/ip4_addr.c.obj
LOAD CMakeFiles/13-socket.elf.dir/Middlewares/Third_Party/LwIP/src/core/ipv4/ip4_frag.c.obj
LOAD CMakeFiles/13-socket.elf.dir/Middlewares/Third_Party/LwIP/src/core/ipv6/dhcp6.c.obj
LOAD CMakeFiles/13-socket.elf.dir/Middlewares/Third_Party/LwIP/src/core/ipv6/ethip6.c.obj
LOAD CMakeFiles/13-socket.elf.dir/Middlewares/Third_Party/LwIP/src/core/ipv6/icmp6.c.obj
LOAD CMakeFiles/13-socket.elf.dir/Middlewares/Third_Party/LwIP/src/core/ipv6/inet6.c.obj
LOAD CMakeFiles/13-socket.elf.dir/Middlewares/Third_Party/LwIP/src/core/ipv6/ip6.c.obj
LOAD CMakeFiles/13-socket.elf.dir/Middlewares/Third_Party/LwIP/src/core/ipv6/ip6_addr.c.obj
LOAD CMakeFiles/13-socket.elf.dir/Middlewares/Third_Party/LwIP/src/core/ipv6/ip6_frag.c.obj
LOAD CMakeFiles/13-socket.elf.dir/Middlewares/Third_Party/LwIP/src/core/ipv6/mld6.c.obj
LOAD CMakeFiles/13-socket.elf.dir/Middlewares/Third_Party/LwIP/src/core/ipv6/nd6.c.obj
LOAD CMakeFiles/13-socket.elf.dir/Middlewares/Third_Party/LwIP/src/core/mem.c.obj
LOAD CMakeFiles/13-socket.elf.dir/Middlewares/Third_Party/LwIP/src/core/memp.c.obj
LOAD CMakeFiles/13-socket.elf.dir/Middlewares/Third_Party/LwIP/src/core/netif.c.obj
LOAD CMakeFiles/13-socket.elf.dir/Middlewares/Third_Party/LwIP/src/core/pbuf.c.obj
LOAD CMakeFiles/13-socket.elf.dir/Middlewares/Third_Party/LwIP/src/core/raw.c.obj
LOAD CMakeFiles/13-socket.elf.dir/Middlewares/Third_Party/LwIP/src/core/stats.c.obj
LOAD CMakeFiles/13-socket.elf.dir/Middlewares/Third_Party/LwIP/src/core/sys.c.obj
LOAD CMakeFiles/13-socket.elf.dir/Middlewares/Third_Party/LwIP/src/core/tcp.c.obj
LOAD CMakeFiles/13-socket.elf.dir/Middlewares/Third_Party/LwIP/src/core/tcp_in.c.obj
LOAD CMakeFiles/13-socket.elf.dir/Middlewares/Third_Party/LwIP/src/core/tcp_out.c.obj
LOAD CMakeFiles/13-socket.elf.dir/Middlewares/Third_Party/LwIP/src/core/timeouts.c.obj
LOAD CMakeFiles/13-socket.elf.dir/Middlewares/Third_Party/LwIP/src/core/udp.c.obj
LOAD CMakeFiles/13-socket.elf.dir/Middlewares/Third_Party/LwIP/src/netif/bridgeif.c.obj
LOAD CMakeFiles/13-socket.elf.dir/Middlewares/Third_Party/LwIP/src/netif/bridgeif_fdb.c.obj
LOAD CMakeFiles/13-socket.elf.dir/Middlewares/Third_Party/LwIP/src/netif/ethernet.c.obj
LOAD CMakeFiles/13-socket.elf.dir/Middlewares/Third_Party/LwIP/src/netif/lowpan6.c.obj
LOAD CMakeFiles/13-socket.elf.dir/Middlewares/Third_Party/LwIP/src/netif/lowpan6_ble.c.obj
LOAD CMakeFiles/13-socket.elf.dir/Middlewares/Third_Party/LwIP/src/netif/lowpan6_common.c.obj
LOAD CMakeFiles/13-socket.elf.dir/Middlewares/Third_Party/LwIP/src/netif/ppp/auth.c.obj
LOAD CMakeFiles/13-socket.elf.dir/Middlewares/Third_Party/LwIP/src/netif/ppp/ccp.c.obj
LOAD CMakeFiles/13-socket.elf.dir/Middlewares/Third_Party/LwIP/src/netif/ppp/chap-md5.c.obj
LOAD CMakeFiles/13-socket.elf.dir/Middlewares/Third_Party/LwIP/src/netif/ppp/chap-new.c.obj
LOAD CMakeFiles/13-socket.elf.dir/Middlewares/Third_Party/LwIP/src/netif/ppp/chap_ms.c.obj
LOAD CMakeFiles/13-socket.elf.dir/Middlewares/Third_Party/LwIP/src/netif/ppp/demand.c.obj
LOAD CMakeFiles/13-socket.elf.dir/Middlewares/Third_Party/LwIP/src/netif/ppp/eap.c.obj
LOAD CMakeFiles/13-socket.elf.dir/Middlewares/Third_Party/LwIP/src/netif/ppp/ecp.c.obj
LOAD CMakeFiles/13-socket.elf.dir/Middlewares/Third_Party/LwIP/src/netif/ppp/eui64.c.obj
LOAD CMakeFiles/13-socket.elf.dir/Middlewares/Third_Party/LwIP/src/netif/ppp/fsm.c.obj
LOAD CMakeFiles/13-socket.elf.dir/Middlewares/Third_Party/LwIP/src/netif/ppp/ipcp.c.obj
LOAD CMakeFiles/13-socket.elf.dir/Middlewares/Third_Party/LwIP/src/netif/ppp/ipv6cp.c.obj
LOAD CMakeFiles/13-socket.elf.dir/Middlewares/Third_Party/LwIP/src/netif/ppp/lcp.c.obj
LOAD CMakeFiles/13-socket.elf.dir/Middlewares/Third_Party/LwIP/src/netif/ppp/magic.c.obj
LOAD CMakeFiles/13-socket.elf.dir/Middlewares/Third_Party/LwIP/src/netif/ppp/mppe.c.obj
LOAD CMakeFiles/13-socket.elf.dir/Middlewares/Third_Party/LwIP/src/netif/ppp/multilink.c.obj
LOAD CMakeFiles/13-socket.elf.dir/Middlewares/Third_Party/LwIP/src/netif/ppp/ppp.c.obj
LOAD CMakeFiles/13-socket.elf.dir/Middlewares/Third_Party/LwIP/src/netif/ppp/pppapi.c.obj
LOAD CMakeFiles/13-socket.elf.dir/Middlewares/Third_Party/LwIP/src/netif/ppp/pppcrypt.c.obj
LOAD CMakeFiles/13-socket.elf.dir/Middlewares/Third_Party/LwIP/src/netif/ppp/pppoe.c.obj
LOAD CMakeFiles/13-socket.elf.dir/Middlewares/Third_Party/LwIP/src/netif/ppp/pppol2tp.c.obj
LOAD CMakeFiles/13-socket.elf.dir/Middlewares/Third_Party/LwIP/src/netif/ppp/pppos.c.obj
LOAD CMakeFiles/13-socket.elf.dir/Middlewares/Third_Party/LwIP/src/netif/ppp/upap.c.obj
LOAD CMakeFiles/13-socket.elf.dir/Middlewares/Third_Party/LwIP/src/netif/ppp/utils.c.obj
LOAD CMakeFiles/13-socket.elf.dir/Middlewares/Third_Party/LwIP/src/netif/ppp/vj.c.obj
LOAD CMakeFiles/13-socket.elf.dir/Middlewares/Third_Party/LwIP/src/netif/slipif.c.obj
LOAD CMakeFiles/13-socket.elf.dir/Middlewares/Third_Party/LwIP/src/netif/zepif.c.obj
LOAD CMakeFiles/13-socket.elf.dir/Middlewares/Third_Party/LwIP/system/OS/sys_arch.c.obj
START GROUP
LOAD /usr/local/Cellar/arm-none-eabi-gcc/10.3-2021.07/gcc/bin/../lib/gcc/arm-none-eabi/10.3.1/thumb/v7e-m+fp/hard/libgcc.a
LOAD /usr/local/Cellar/arm-none-eabi-gcc/10.3-2021.07/gcc/bin/../lib/gcc/arm-none-eabi/10.3.1/../../../../arm-none-eabi/lib/thumb/v7e-m+fp/hard/libg.a
LOAD /usr/local/Cellar/arm-none-eabi-gcc/10.3-2021.07/gcc/bin/../lib/gcc/arm-none-eabi/10.3.1/../../../../arm-none-eabi/lib/thumb/v7e-m+fp/hard/libc.a
END GROUP
LOAD /usr/local/Cellar/arm-none-eabi-gcc/10.3-2021.07/gcc/bin/../lib/gcc/arm-none-eabi/10.3.1/thumb/v7e-m+fp/hard/crtend.o
LOAD /usr/local/Cellar/arm-none-eabi-gcc/10.3-2021.07/gcc/bin/../lib/gcc/arm-none-eabi/10.3.1/thumb/v7e-m+fp/hard/crtn.o
                0x0000000020020000                _estack = (ORIGIN (RAM) + LENGTH (RAM))
                0x0000000000000200                _Min_Heap_Size = 0x200
                0x0000000000000400                _Min_Stack_Size = 0x400

.isr_vector     0x0000000008000000      0x188
                0x0000000008000000                . = ALIGN (0x4)
 *(.isr_vector)
 .isr_vector    0x0000000008000000      0x188 CMakeFiles/13-socket.elf.dir/Core/Startup/startup_stm32f407zgtx.s.obj
                0x0000000008000000                g_pfnVectors
                0x0000000008000188                . = ALIGN (0x4)

.text           0x00000000080001c0    0x1838c
                0x00000000080001c0                . = ALIGN (0x4)
 *(.text)
 .text          0x00000000080001c0       0x40 /usr/local/Cellar/arm-none-eabi-gcc/10.3-2021.07/gcc/bin/../lib/gcc/arm-none-eabi/10.3.1/thumb/v7e-m+fp/hard/crtbegin.o
 .text          0x0000000008000200       0x30 /usr/local/Cellar/arm-none-eabi-gcc/10.3-2021.07/gcc/bin/../lib/gcc/arm-none-eabi/10.3.1/thumb/v7e-m+fp/hard/libgcc.a(_aeabi_uldivmod.o)
                0x0000000008000200                __aeabi_uldivmod
 .text          0x0000000008000230      0x2d0 /usr/local/Cellar/arm-none-eabi-gcc/10.3-2021.07/gcc/bin/../lib/gcc/arm-none-eabi/10.3.1/thumb/v7e-m+fp/hard/libgcc.a(_udivmoddi4.o)
                0x0000000008000230                __udivmoddi4
 .text          0x0000000008000500        0x4 /usr/local/Cellar/arm-none-eabi-gcc/10.3-2021.07/gcc/bin/../lib/gcc/arm-none-eabi/10.3.1/thumb/v7e-m+fp/hard/libgcc.a(_dvmd_tls.o)
                0x0000000008000500                __aeabi_ldiv0
                0x0000000008000500                __aeabi_idiv0
 .text          0x0000000008000504      0x134 /usr/local/Cellar/arm-none-eabi-gcc/10.3-2021.07/gcc/bin/../lib/gcc/arm-none-eabi/10.3.1/../../../../arm-none-eabi/lib/thumb/v7e-m+fp/hard/libg.a(lib_a-memcpy.o)
                0x0000000008000504                memcpy
 *fill*         0x0000000008000638        0x8 
 .text          0x0000000008000640       0xdc /usr/local/Cellar/arm-none-eabi-gcc/10.3-2021.07/gcc/bin/../lib/gcc/arm-none-eabi/10.3.1/../../../../arm-none-eabi/lib/thumb/v7e-m+fp/hard/libg.a(lib_a-strlen.o)
                0x0000000008000640                strlen
 *fill*         0x000000000800071c        0x4 
 .text          0x0000000008000720       0xa0 /usr/local/Cellar/arm-none-eabi-gcc/10.3-2021.07/gcc/bin/../lib/gcc/arm-none-eabi/10.3.1/../../../../arm-none-eabi/lib/thumb/v7e-m+fp/hard/libg.a(lib_a-memchr.o)
                0x0000000008000720                memchr
 .text          0x00000000080007c0      0x378 /usr/local/Cellar/arm-none-eabi-gcc/10.3-2021.07/gcc/bin/../lib/gcc/arm-none-eabi/10.3.1/thumb/v7e-m+fp/hard/libgcc.a(_arm_addsubdf3.o)
                0x00000000080007c0                __aeabi_drsub
                0x00000000080007c8                __subdf3
                0x00000000080007c8                __aeabi_dsub
                0x00000000080007cc                __aeabi_dadd
                0x00000000080007cc                __adddf3
                0x0000000008000a44                __aeabi_ui2d
                0x0000000008000a44                __floatunsidf
                0x0000000008000a64                __floatsidf
                0x0000000008000a64                __aeabi_i2d
                0x0000000008000a88                __extendsfdf2
                0x0000000008000a88                __aeabi_f2d
                0x0000000008000acc                __aeabi_ul2d
                0x0000000008000acc                __floatundidf
                0x0000000008000adc                __aeabi_l2d
                0x0000000008000adc                __floatdidf
 .text          0x0000000008000b38      0x424 /usr/local/Cellar/arm-none-eabi-gcc/10.3-2021.07/gcc/bin/../lib/gcc/arm-none-eabi/10.3.1/thumb/v7e-m+fp/hard/libgcc.a(_arm_muldivdf3.o)
                0x0000000008000b38                __aeabi_dmul
                0x0000000008000b38                __muldf3
                0x0000000008000d8c                __aeabi_ddiv
                0x0000000008000d8c                __divdf3
 .text          0x0000000008000f5c      0x110 /usr/local/Cellar/arm-none-eabi-gcc/10.3-2021.07/gcc/bin/../lib/gcc/arm-none-eabi/10.3.1/thumb/v7e-m+fp/hard/libgcc.a(_arm_cmpdf2.o)
                0x0000000008000f5c                __gedf2
                0x0000000008000f5c                __gtdf2
                0x0000000008000f64                __ledf2
                0x0000000008000f64                __ltdf2
                0x0000000008000f6c                __cmpdf2
                0x0000000008000f6c                __eqdf2
                0x0000000008000f6c                __nedf2
                0x0000000008000fe8                __aeabi_cdrcmple
                0x0000000008000ff8                __aeabi_cdcmple
                0x0000000008000ff8                __aeabi_cdcmpeq
                0x0000000008001008                __aeabi_dcmpeq
                0x000000000800101c                __aeabi_dcmplt
                0x0000000008001030                __aeabi_dcmple
                0x0000000008001044                __aeabi_dcmpge
                0x0000000008001058                __aeabi_dcmpgt
 .text          0x000000000800106c       0x2c /usr/local/Cellar/arm-none-eabi-gcc/10.3-2021.07/gcc/bin/../lib/gcc/arm-none-eabi/10.3.1/thumb/v7e-m+fp/hard/libgcc.a(_arm_unorddf2.o)
                0x000000000800106c                __aeabi_dcmpun
                0x000000000800106c                __unorddf2
 .text          0x0000000008001098       0x50 /usr/local/Cellar/arm-none-eabi-gcc/10.3-2021.07/gcc/bin/../lib/gcc/arm-none-eabi/10.3.1/thumb/v7e-m+fp/hard/libgcc.a(_arm_fixdfsi.o)
                0x0000000008001098                __fixdfsi
                0x0000000008001098                __aeabi_d2iz
 *(.text*)
 .text.StartDefaultTask
                0x00000000080010e8       0x78 CMakeFiles/13-socket.elf.dir/Core/Src/freertos.c.obj
                0x00000000080010e8                StartDefaultTask
 .text.MX_FREERTOS_Init
                0x0000000008001160       0x24 CMakeFiles/13-socket.elf.dir/Core/Src/freertos.c.obj
                0x0000000008001160                MX_FREERTOS_Init
 .text.MX_GPIO_Init
                0x0000000008001184       0xa4 CMakeFiles/13-socket.elf.dir/Core/Src/gpio.c.obj
                0x0000000008001184                MX_GPIO_Init
 .text.__io_putchar
                0x0000000008001228       0x20 CMakeFiles/13-socket.elf.dir/Core/Src/main.c.obj
                0x0000000008001228                __io_putchar
 .text.HAL_TIM_PeriodElapsedCallback
                0x0000000008001248       0x18 CMakeFiles/13-socket.elf.dir/Core/Src/main.c.obj
                0x0000000008001248                HAL_TIM_PeriodElapsedCallback
 .text.Error_Handler
                0x0000000008001260        0x4 CMakeFiles/13-socket.elf.dir/Core/Src/main.c.obj
                0x0000000008001260                Error_Handler
 .text.SystemClock_Config
                0x0000000008001264       0xa8 CMakeFiles/13-socket.elf.dir/Core/Src/main.c.obj
                0x0000000008001264                SystemClock_Config
 .text.main     0x000000000800130c       0x20 CMakeFiles/13-socket.elf.dir/Core/Src/main.c.obj
                0x000000000800130c                main
 .text.HAL_MspInit
                0x000000000800132c       0x44 CMakeFiles/13-socket.elf.dir/Core/Src/stm32f4xx_hal_msp.c.obj
                0x000000000800132c                HAL_MspInit
 .text.HAL_InitTick
                0x0000000008001370       0xa4 CMakeFiles/13-socket.elf.dir/Core/Src/stm32f4xx_hal_timebase_tim.c.obj
                0x0000000008001370                HAL_InitTick
 .text.NMI_Handler
                0x0000000008001414        0x2 CMakeFiles/13-socket.elf.dir/Core/Src/stm32f4xx_it.c.obj
                0x0000000008001414                NMI_Handler
 .text.HardFault_Handler
                0x0000000008001416        0x2 CMakeFiles/13-socket.elf.dir/Core/Src/stm32f4xx_it.c.obj
                0x0000000008001416                HardFault_Handler
 .text.MemManage_Handler
                0x0000000008001418        0x2 CMakeFiles/13-socket.elf.dir/Core/Src/stm32f4xx_it.c.obj
                0x0000000008001418                MemManage_Handler
 .text.BusFault_Handler
                0x000000000800141a        0x2 CMakeFiles/13-socket.elf.dir/Core/Src/stm32f4xx_it.c.obj
                0x000000000800141a                BusFault_Handler
 .text.UsageFault_Handler
                0x000000000800141c        0x2 CMakeFiles/13-socket.elf.dir/Core/Src/stm32f4xx_it.c.obj
                0x000000000800141c                UsageFault_Handler
 .text.DebugMon_Handler
                0x000000000800141e        0x2 CMakeFiles/13-socket.elf.dir/Core/Src/stm32f4xx_it.c.obj
                0x000000000800141e                DebugMon_Handler
 .text.TIM6_DAC_IRQHandler
                0x0000000008001420       0x10 CMakeFiles/13-socket.elf.dir/Core/Src/stm32f4xx_it.c.obj
                0x0000000008001420                TIM6_DAC_IRQHandler
 .text.ETH_IRQHandler
                0x0000000008001430       0x10 CMakeFiles/13-socket.elf.dir/Core/Src/stm32f4xx_it.c.obj
                0x0000000008001430                ETH_IRQHandler
 .text._getpid  0x0000000008001440        0x4 CMakeFiles/13-socket.elf.dir/Core/Src/syscalls.c.obj
                0x0000000008001440                _getpid
 .text._kill    0x0000000008001444       0x10 CMakeFiles/13-socket.elf.dir/Core/Src/syscalls.c.obj
                0x0000000008001444                _kill
 .text._exit    0x0000000008001454        0xc CMakeFiles/13-socket.elf.dir/Core/Src/syscalls.c.obj
                0x0000000008001454                _exit
 .text._read    0x0000000008001460       0x20 CMakeFiles/13-socket.elf.dir/Core/Src/syscalls.c.obj
                0x0000000008001460                _read
 .text._write   0x0000000008001480       0x1c CMakeFiles/13-socket.elf.dir/Core/Src/syscalls.c.obj
                0x0000000008001480                _write
 .text._close   0x000000000800149c        0x6 CMakeFiles/13-socket.elf.dir/Core/Src/syscalls.c.obj
                0x000000000800149c                _close
 .text._fstat   0x00000000080014a2        0xa CMakeFiles/13-socket.elf.dir/Core/Src/syscalls.c.obj
                0x00000000080014a2                _fstat
 .text._isatty  0x00000000080014ac        0x4 CMakeFiles/13-socket.elf.dir/Core/Src/syscalls.c.obj
                0x00000000080014ac                _isatty
 .text._lseek   0x00000000080014b0        0x4 CMakeFiles/13-socket.elf.dir/Core/Src/syscalls.c.obj
                0x00000000080014b0                _lseek
 .text._sbrk    0x00000000080014b4       0x4c CMakeFiles/13-socket.elf.dir/Core/Src/sysmem.c.obj
                0x00000000080014b4                _sbrk
 .text.SystemInit
                0x0000000008001500       0x14 CMakeFiles/13-socket.elf.dir/Core/Src/system_stm32f4xx.c.obj
                0x0000000008001500                SystemInit
 .text.tcpecho_thread
                0x0000000008001514      0x124 CMakeFiles/13-socket.elf.dir/Core/Src/tcp_socket.c.obj
 .text.tcpecho_init
                0x0000000008001638       0x24 CMakeFiles/13-socket.elf.dir/Core/Src/tcp_socket.c.obj
                0x0000000008001638                tcpecho_init
 .text.MX_USART1_UART_Init
                0x000000000800165c       0x34 CMakeFiles/13-socket.elf.dir/Core/Src/usart.c.obj
                0x000000000800165c                MX_USART1_UART_Init
 .text.HAL_UART_MspInit
                0x0000000008001690       0x74 CMakeFiles/13-socket.elf.dir/Core/Src/usart.c.obj
                0x0000000008001690                HAL_UART_MspInit
 .text.Reset_Handler
                0x0000000008001704       0x50 CMakeFiles/13-socket.elf.dir/Core/Startup/startup_stm32f407zgtx.s.obj
                0x0000000008001704                Reset_Handler
 .text.Default_Handler
                0x0000000008001754        0x2 CMakeFiles/13-socket.elf.dir/Core/Startup/startup_stm32f407zgtx.s.obj
                0x0000000008001754                DMA1_Stream3_IRQHandler
                0x0000000008001754                HASH_RNG_IRQHandler
                0x0000000008001754                EXTI2_IRQHandler
                0x0000000008001754                TIM8_CC_IRQHandler
                0x0000000008001754                TIM1_CC_IRQHandler
                0x0000000008001754                DMA2_Stream5_IRQHandler
                0x0000000008001754                DMA1_Stream5_IRQHandler
                0x0000000008001754                PVD_IRQHandler
                0x0000000008001754                SDIO_IRQHandler
                0x0000000008001754                TAMP_STAMP_IRQHandler
                0x0000000008001754                CAN2_RX1_IRQHandler
                0x0000000008001754                EXTI3_IRQHandler
                0x0000000008001754                TIM8_TRG_COM_TIM14_IRQHandler
                0x0000000008001754                TIM1_UP_TIM10_IRQHandler
                0x0000000008001754                TIM8_UP_TIM13_IRQHandler
                0x0000000008001754                I2C3_ER_IRQHandler
                0x0000000008001754                EXTI0_IRQHandler
                0x0000000008001754                I2C2_EV_IRQHandler
                0x0000000008001754                DMA1_Stream2_IRQHandler
                0x0000000008001754                CAN1_RX0_IRQHandler
                0x0000000008001754                FPU_IRQHandler
                0x0000000008001754                OTG_HS_WKUP_IRQHandler
                0x0000000008001754                CAN2_SCE_IRQHandler
                0x0000000008001754                DMA2_Stream2_IRQHandler
                0x0000000008001754                SPI1_IRQHandler
                0x0000000008001754                TIM1_BRK_TIM9_IRQHandler
                0x0000000008001754                DCMI_IRQHandler
                0x0000000008001754                CAN2_RX0_IRQHandler
                0x0000000008001754                DMA2_Stream3_IRQHandler
                0x0000000008001754                USART6_IRQHandler
                0x0000000008001754                USART3_IRQHandler
                0x0000000008001754                CAN1_RX1_IRQHandler
                0x0000000008001754                UART5_IRQHandler
                0x0000000008001754                DMA2_Stream0_IRQHandler
                0x0000000008001754                TIM4_IRQHandler
                0x0000000008001754                I2C1_EV_IRQHandler
                0x0000000008001754                DMA1_Stream6_IRQHandler
                0x0000000008001754                DMA1_Stream1_IRQHandler
                0x0000000008001754                UART4_IRQHandler
                0x0000000008001754                TIM3_IRQHandler
                0x0000000008001754                RCC_IRQHandler
                0x0000000008001754                TIM8_BRK_TIM12_IRQHandler
                0x0000000008001754                Default_Handler
                0x0000000008001754                EXTI15_10_IRQHandler
                0x0000000008001754                ADC_IRQHandler
                0x0000000008001754                DMA1_Stream7_IRQHandler
                0x0000000008001754                TIM7_IRQHandler
                0x0000000008001754                CAN2_TX_IRQHandler
                0x0000000008001754                TIM5_IRQHandler
                0x0000000008001754                DMA2_Stream7_IRQHandler
                0x0000000008001754                I2C3_EV_IRQHandler
                0x0000000008001754                EXTI9_5_IRQHandler
                0x0000000008001754                RTC_WKUP_IRQHandler
                0x0000000008001754                ETH_WKUP_IRQHandler
                0x0000000008001754                SPI2_IRQHandler
                0x0000000008001754                OTG_HS_EP1_IN_IRQHandler
                0x0000000008001754                DMA1_Stream0_IRQHandler
                0x0000000008001754                CAN1_TX_IRQHandler
                0x0000000008001754                EXTI4_IRQHandler
                0x0000000008001754                FSMC_IRQHandler
                0x0000000008001754                OTG_HS_EP1_OUT_IRQHandler
                0x0000000008001754                WWDG_IRQHandler
                0x0000000008001754                TIM2_IRQHandler
                0x0000000008001754                OTG_FS_WKUP_IRQHandler
                0x0000000008001754                TIM1_TRG_COM_TIM11_IRQHandler
                0x0000000008001754                OTG_HS_IRQHandler
                0x0000000008001754                EXTI1_IRQHandler
                0x0000000008001754                USART2_IRQHandler
                0x0000000008001754                I2C2_ER_IRQHandler
                0x0000000008001754                DMA2_Stream1_IRQHandler
                0x0000000008001754                CAN1_SCE_IRQHandler
                0x0000000008001754                FLASH_IRQHandler
                0x0000000008001754                DMA2_Stream4_IRQHandler
                0x0000000008001754                USART1_IRQHandler
                0x0000000008001754                OTG_FS_IRQHandler
                0x0000000008001754                SPI3_IRQHandler
                0x0000000008001754                DMA1_Stream4_IRQHandler
                0x0000000008001754                I2C1_ER_IRQHandler
                0x0000000008001754                DMA2_Stream6_IRQHandler
                0x0000000008001754                RTC_Alarm_IRQHandler
 .text.LAN8742_RegisterBusIO
                0x0000000008001756       0x3e CMakeFiles/13-socket.elf.dir/Drivers/BSP/Components/lan8742/lan8742.c.obj
                0x0000000008001756                LAN8742_RegisterBusIO
 .text.LAN8742_Init
                0x0000000008001794       0xce CMakeFiles/13-socket.elf.dir/Drivers/BSP/Components/lan8742/lan8742.c.obj
                0x0000000008001794                LAN8742_Init
 .text.LAN8742_GetLinkState
                0x0000000008001862       0xc2 CMakeFiles/13-socket.elf.dir/Drivers/BSP/Components/lan8742/lan8742.c.obj
                0x0000000008001862                LAN8742_GetLinkState
 .text.HAL_Init
                0x0000000008001924       0x34 CMakeFiles/13-socket.elf.dir/Drivers/STM32F4xx_HAL_Driver/Src/stm32f4xx_hal.c.obj
                0x0000000008001924                HAL_Init
 .text.HAL_IncTick
                0x0000000008001958       0x18 CMakeFiles/13-socket.elf.dir/Drivers/STM32F4xx_HAL_Driver/Src/stm32f4xx_hal.c.obj
                0x0000000008001958                HAL_IncTick
 .text.HAL_GetTick
                0x0000000008001970        0xc CMakeFiles/13-socket.elf.dir/Drivers/STM32F4xx_HAL_Driver/Src/stm32f4xx_hal.c.obj
                0x0000000008001970                HAL_GetTick
 .text.HAL_Delay
                0x000000000800197c       0x28 CMakeFiles/13-socket.elf.dir/Drivers/STM32F4xx_HAL_Driver/Src/stm32f4xx_hal.c.obj
                0x000000000800197c                HAL_Delay
 .text.HAL_NVIC_SetPriorityGrouping
                0x00000000080019a4       0x24 CMakeFiles/13-socket.elf.dir/Drivers/STM32F4xx_HAL_Driver/Src/stm32f4xx_hal_cortex.c.obj
                0x00000000080019a4                HAL_NVIC_SetPriorityGrouping
 .text.HAL_NVIC_SetPriority
                0x00000000080019c8       0x70 CMakeFiles/13-socket.elf.dir/Drivers/STM32F4xx_HAL_Driver/Src/stm32f4xx_hal_cortex.c.obj
                0x00000000080019c8                HAL_NVIC_SetPriority
 .text.HAL_NVIC_EnableIRQ
                0x0000000008001a38       0x1c CMakeFiles/13-socket.elf.dir/Drivers/STM32F4xx_HAL_Driver/Src/stm32f4xx_hal_cortex.c.obj
                0x0000000008001a38                HAL_NVIC_EnableIRQ
 .text.ETH_UpdateDescriptor
                0x0000000008001a54       0x98 CMakeFiles/13-socket.elf.dir/Drivers/STM32F4xx_HAL_Driver/Src/stm32f4xx_hal_eth.c.obj
 .text.ETH_MACAddressConfig
                0x0000000008001aec       0x30 CMakeFiles/13-socket.elf.dir/Drivers/STM32F4xx_HAL_Driver/Src/stm32f4xx_hal_eth.c.obj
 .text.ETH_DMATxDescListInit
                0x0000000008001b1c       0x6e CMakeFiles/13-socket.elf.dir/Drivers/STM32F4xx_HAL_Driver/Src/stm32f4xx_hal_eth.c.obj
 .text.ETH_DMARxDescListInit
                0x0000000008001b8a       0x84 CMakeFiles/13-socket.elf.dir/Drivers/STM32F4xx_HAL_Driver/Src/stm32f4xx_hal_eth.c.obj
 .text.ETH_Prepare_Tx_Descriptors
                0x0000000008001c0e      0x17a CMakeFiles/13-socket.elf.dir/Drivers/STM32F4xx_HAL_Driver/Src/stm32f4xx_hal_eth.c.obj
 .text.ETH_SetMACConfig
                0x0000000008001d88       0xfc CMakeFiles/13-socket.elf.dir/Drivers/STM32F4xx_HAL_Driver/Src/stm32f4xx_hal_eth.c.obj
 .text.ETH_SetDMAConfig
                0x0000000008001e84       0xc0 CMakeFiles/13-socket.elf.dir/Drivers/STM32F4xx_HAL_Driver/Src/stm32f4xx_hal_eth.c.obj
 .text.ETH_MACDMAConfig
                0x0000000008001f44       0xa2 CMakeFiles/13-socket.elf.dir/Drivers/STM32F4xx_HAL_Driver/Src/stm32f4xx_hal_eth.c.obj
 .text.ETH_FlushTransmitFIFO
                0x0000000008001fe6       0x36 CMakeFiles/13-socket.elf.dir/Drivers/STM32F4xx_HAL_Driver/Src/stm32f4xx_hal_eth.c.obj
 .text.HAL_ETH_Init
                0x000000000800201c       0xc0 CMakeFiles/13-socket.elf.dir/Drivers/STM32F4xx_HAL_Driver/Src/stm32f4xx_hal_eth.c.obj
                0x000000000800201c                HAL_ETH_Init
 .text.HAL_ETH_Start_IT
                0x00000000080020dc       0xb8 CMakeFiles/13-socket.elf.dir/Drivers/STM32F4xx_HAL_Driver/Src/stm32f4xx_hal_eth.c.obj
                0x00000000080020dc                HAL_ETH_Start_IT
 .text.HAL_ETH_Stop_IT
                0x0000000008002194       0x9e CMakeFiles/13-socket.elf.dir/Drivers/STM32F4xx_HAL_Driver/Src/stm32f4xx_hal_eth.c.obj
                0x0000000008002194                HAL_ETH_Stop_IT
 .text.HAL_ETH_Transmit_IT
                0x0000000008002232       0x76 CMakeFiles/13-socket.elf.dir/Drivers/STM32F4xx_HAL_Driver/Src/stm32f4xx_hal_eth.c.obj
                0x0000000008002232                HAL_ETH_Transmit_IT
 .text.HAL_ETH_ReadData
                0x00000000080022a8       0xfe CMakeFiles/13-socket.elf.dir/Drivers/STM32F4xx_HAL_Driver/Src/stm32f4xx_hal_eth.c.obj
                0x00000000080022a8                HAL_ETH_ReadData
 .text.HAL_ETH_ReleaseTxPacket
                0x00000000080023a6       0x54 CMakeFiles/13-socket.elf.dir/Drivers/STM32F4xx_HAL_Driver/Src/stm32f4xx_hal_eth.c.obj
                0x00000000080023a6                HAL_ETH_ReleaseTxPacket
 .text.HAL_ETH_PMTCallback
                0x00000000080023fa        0x2 CMakeFiles/13-socket.elf.dir/Drivers/STM32F4xx_HAL_Driver/Src/stm32f4xx_hal_eth.c.obj
                0x00000000080023fa                HAL_ETH_PMTCallback
 .text.HAL_ETH_WakeUpCallback
                0x00000000080023fc        0x2 CMakeFiles/13-socket.elf.dir/Drivers/STM32F4xx_HAL_Driver/Src/stm32f4xx_hal_eth.c.obj
                0x00000000080023fc                HAL_ETH_WakeUpCallback
 *fill*         0x00000000080023fe        0x2 
 .text.HAL_ETH_IRQHandler
                0x0000000008002400      0x114 CMakeFiles/13-socket.elf.dir/Drivers/STM32F4xx_HAL_Driver/Src/stm32f4xx_hal_eth.c.obj
                0x0000000008002400                HAL_ETH_IRQHandler
 .text.HAL_ETH_ReadPHYRegister
                0x0000000008002514       0x52 CMakeFiles/13-socket.elf.dir/Drivers/STM32F4xx_HAL_Driver/Src/stm32f4xx_hal_eth.c.obj
                0x0000000008002514                HAL_ETH_ReadPHYRegister
 .text.HAL_ETH_WritePHYRegister
                0x0000000008002566       0x4e CMakeFiles/13-socket.elf.dir/Drivers/STM32F4xx_HAL_Driver/Src/stm32f4xx_hal_eth.c.obj
                0x0000000008002566                HAL_ETH_WritePHYRegister
 .text.HAL_ETH_GetMACConfig
                0x00000000080025b4       0xf2 CMakeFiles/13-socket.elf.dir/Drivers/STM32F4xx_HAL_Driver/Src/stm32f4xx_hal_eth.c.obj
                0x00000000080025b4                HAL_ETH_GetMACConfig
 .text.HAL_ETH_SetMACConfig
                0x00000000080026a6       0x1c CMakeFiles/13-socket.elf.dir/Drivers/STM32F4xx_HAL_Driver/Src/stm32f4xx_hal_eth.c.obj
                0x00000000080026a6                HAL_ETH_SetMACConfig
 *fill*         0x00000000080026c2        0x2 
 .text.HAL_ETH_SetMDIOClockRange
                0x00000000080026c4       0x74 CMakeFiles/13-socket.elf.dir/Drivers/STM32F4xx_HAL_Driver/Src/stm32f4xx_hal_eth.c.obj
                0x00000000080026c4                HAL_ETH_SetMDIOClockRange
 .text.HAL_ETH_GetDMAError
                0x0000000008002738        0x6 CMakeFiles/13-socket.elf.dir/Drivers/STM32F4xx_HAL_Driver/Src/stm32f4xx_hal_eth.c.obj
                0x0000000008002738                HAL_ETH_GetDMAError
 *fill*         0x000000000800273e        0x2 
 .text.HAL_GPIO_Init
                0x0000000008002740      0x1e4 CMakeFiles/13-socket.elf.dir/Drivers/STM32F4xx_HAL_Driver/Src/stm32f4xx_hal_gpio.c.obj
                0x0000000008002740                HAL_GPIO_Init
 .text.HAL_GPIO_WritePin
                0x0000000008002924        0xc CMakeFiles/13-socket.elf.dir/Drivers/STM32F4xx_HAL_Driver/Src/stm32f4xx_hal_gpio.c.obj
                0x0000000008002924                HAL_GPIO_WritePin
 .text.HAL_GPIO_TogglePin
                0x0000000008002930       0x12 CMakeFiles/13-socket.elf.dir/Drivers/STM32F4xx_HAL_Driver/Src/stm32f4xx_hal_gpio.c.obj
                0x0000000008002930                HAL_GPIO_TogglePin
 *fill*         0x0000000008002942        0x2 
 .text.HAL_RCC_OscConfig
                0x0000000008002944      0x3f8 CMakeFiles/13-socket.elf.dir/Drivers/STM32F4xx_HAL_Driver/Src/stm32f4xx_hal_rcc.c.obj
                0x0000000008002944                HAL_RCC_OscConfig
 .text.HAL_RCC_GetSysClockFreq
                0x0000000008002d3c       0xd4 CMakeFiles/13-socket.elf.dir/Drivers/STM32F4xx_HAL_Driver/Src/stm32f4xx_hal_rcc.c.obj
                0x0000000008002d3c                HAL_RCC_GetSysClockFreq
 .text.HAL_RCC_ClockConfig
                0x0000000008002e10      0x160 CMakeFiles/13-socket.elf.dir/Drivers/STM32F4xx_HAL_Driver/Src/stm32f4xx_hal_rcc.c.obj
                0x0000000008002e10                HAL_RCC_ClockConfig
 .text.HAL_RCC_GetHCLKFreq
                0x0000000008002f70        0xc CMakeFiles/13-socket.elf.dir/Drivers/STM32F4xx_HAL_Driver/Src/stm32f4xx_hal_rcc.c.obj
                0x0000000008002f70                HAL_RCC_GetHCLKFreq
 .text.HAL_RCC_GetPCLK1Freq
                0x0000000008002f7c       0x20 CMakeFiles/13-socket.elf.dir/Drivers/STM32F4xx_HAL_Driver/Src/stm32f4xx_hal_rcc.c.obj
                0x0000000008002f7c                HAL_RCC_GetPCLK1Freq
 .text.HAL_RCC_GetPCLK2Freq
                0x0000000008002f9c       0x20 CMakeFiles/13-socket.elf.dir/Drivers/STM32F4xx_HAL_Driver/Src/stm32f4xx_hal_rcc.c.obj
                0x0000000008002f9c                HAL_RCC_GetPCLK2Freq
 .text.HAL_RCC_GetClockConfig
                0x0000000008002fbc       0x3c CMakeFiles/13-socket.elf.dir/Drivers/STM32F4xx_HAL_Driver/Src/stm32f4xx_hal_rcc.c.obj
                0x0000000008002fbc                HAL_RCC_GetClockConfig
 .text.HAL_TIM_Base_MspInit
                0x0000000008002ff8        0x2 CMakeFiles/13-socket.elf.dir/Drivers/STM32F4xx_HAL_Driver/Src/stm32f4xx_hal_tim.c.obj
                0x0000000008002ff8                HAL_TIM_Base_MspInit
 *fill*         0x0000000008002ffa        0x2 
 .text.HAL_TIM_Base_Start_IT
                0x0000000008002ffc       0x88 CMakeFiles/13-socket.elf.dir/Drivers/STM32F4xx_HAL_Driver/Src/stm32f4xx_hal_tim.c.obj
                0x0000000008002ffc                HAL_TIM_Base_Start_IT
 .text.HAL_TIM_OC_DelayElapsedCallback
                0x0000000008003084        0x2 CMakeFiles/13-socket.elf.dir/Drivers/STM32F4xx_HAL_Driver/Src/stm32f4xx_hal_tim.c.obj
                0x0000000008003084                HAL_TIM_OC_DelayElapsedCallback
 .text.HAL_TIM_IC_CaptureCallback
                0x0000000008003086        0x2 CMakeFiles/13-socket.elf.dir/Drivers/STM32F4xx_HAL_Driver/Src/stm32f4xx_hal_tim.c.obj
                0x0000000008003086                HAL_TIM_IC_CaptureCallback
 .text.HAL_TIM_PWM_PulseFinishedCallback
                0x0000000008003088        0x2 CMakeFiles/13-socket.elf.dir/Drivers/STM32F4xx_HAL_Driver/Src/stm32f4xx_hal_tim.c.obj
                0x0000000008003088                HAL_TIM_PWM_PulseFinishedCallback
 .text.HAL_TIM_TriggerCallback
                0x000000000800308a        0x2 CMakeFiles/13-socket.elf.dir/Drivers/STM32F4xx_HAL_Driver/Src/stm32f4xx_hal_tim.c.obj
                0x000000000800308a                HAL_TIM_TriggerCallback
 .text.HAL_TIM_IRQHandler
                0x000000000800308c      0x17a CMakeFiles/13-socket.elf.dir/Drivers/STM32F4xx_HAL_Driver/Src/stm32f4xx_hal_tim.c.obj
                0x000000000800308c                HAL_TIM_IRQHandler
 *fill*         0x0000000008003206        0x2 
 .text.TIM_Base_SetConfig
                0x0000000008003208       0xc8 CMakeFiles/13-socket.elf.dir/Drivers/STM32F4xx_HAL_Driver/Src/stm32f4xx_hal_tim.c.obj
                0x0000000008003208                TIM_Base_SetConfig
 .text.HAL_TIM_Base_Init
                0x00000000080032d0       0x58 CMakeFiles/13-socket.elf.dir/Drivers/STM32F4xx_HAL_Driver/Src/stm32f4xx_hal_tim.c.obj
                0x00000000080032d0                HAL_TIM_Base_Init
 .text.HAL_TIMEx_CommutCallback
                0x0000000008003328        0x2 CMakeFiles/13-socket.elf.dir/Drivers/STM32F4xx_HAL_Driver/Src/stm32f4xx_hal_tim_ex.c.obj
                0x0000000008003328                HAL_TIMEx_CommutCallback
 .text.HAL_TIMEx_BreakCallback
                0x000000000800332a        0x2 CMakeFiles/13-socket.elf.dir/Drivers/STM32F4xx_HAL_Driver/Src/stm32f4xx_hal_tim_ex.c.obj
                0x000000000800332a                HAL_TIMEx_BreakCallback
 .text.UART_SetConfig
                0x000000000800332c      0x110 CMakeFiles/13-socket.elf.dir/Drivers/STM32F4xx_HAL_Driver/Src/stm32f4xx_hal_uart.c.obj
 .text.UART_WaitOnFlagUntilTimeout
                0x000000000800343c       0x88 CMakeFiles/13-socket.elf.dir/Drivers/STM32F4xx_HAL_Driver/Src/stm32f4xx_hal_uart.c.obj
 .text.HAL_UART_Init
                0x00000000080034c4       0x5e CMakeFiles/13-socket.elf.dir/Drivers/STM32F4xx_HAL_Driver/Src/stm32f4xx_hal_uart.c.obj
                0x00000000080034c4                HAL_UART_Init
 .text.HAL_UART_Transmit
                0x0000000008003522       0xd8 CMakeFiles/13-socket.elf.dir/Drivers/STM32F4xx_HAL_Driver/Src/stm32f4xx_hal_uart.c.obj
                0x0000000008003522                HAL_UART_Transmit
 *fill*         0x00000000080035fa        0x2 
 .text.ethernet_link_status_updated
                0x00000000080035fc       0x24 CMakeFiles/13-socket.elf.dir/LWIP/App/lwip.c.obj
 .text.MX_LWIP_Init
                0x0000000008003620       0xac CMakeFiles/13-socket.elf.dir/LWIP/App/lwip.c.obj
                0x0000000008003620                MX_LWIP_Init
 .text.ETH_PHY_IO_DeInit
                0x00000000080036cc        0x4 CMakeFiles/13-socket.elf.dir/LWIP/Target/ethernetif.c.obj
                0x00000000080036cc                ETH_PHY_IO_DeInit
 .text.low_level_input
                0x00000000080036d0       0x28 CMakeFiles/13-socket.elf.dir/LWIP/Target/ethernetif.c.obj
 .text.ethernetif_input
                0x00000000080036f8       0x3c CMakeFiles/13-socket.elf.dir/LWIP/Target/ethernetif.c.obj
                0x00000000080036f8                ethernetif_input
 .text.low_level_output
                0x0000000008003734       0xc0 CMakeFiles/13-socket.elf.dir/LWIP/Target/ethernetif.c.obj
 .text.low_level_init
                0x00000000080037f4      0x1ac CMakeFiles/13-socket.elf.dir/LWIP/Target/ethernetif.c.obj
 .text.pbuf_free_custom
                0x00000000080039a0       0x30 CMakeFiles/13-socket.elf.dir/LWIP/Target/ethernetif.c.obj
                0x00000000080039a0                pbuf_free_custom
 .text.ETH_PHY_IO_GetTick
                0x00000000080039d0        0x8 CMakeFiles/13-socket.elf.dir/LWIP/Target/ethernetif.c.obj
                0x00000000080039d0                ETH_PHY_IO_GetTick
 .text.ETH_PHY_IO_Init
                0x00000000080039d8       0x10 CMakeFiles/13-socket.elf.dir/LWIP/Target/ethernetif.c.obj
                0x00000000080039d8                ETH_PHY_IO_Init
 .text.ETH_PHY_IO_ReadReg
                0x00000000080039e8       0x1c CMakeFiles/13-socket.elf.dir/LWIP/Target/ethernetif.c.obj
                0x00000000080039e8                ETH_PHY_IO_ReadReg
 .text.ETH_PHY_IO_WriteReg
                0x0000000008003a04       0x1c CMakeFiles/13-socket.elf.dir/LWIP/Target/ethernetif.c.obj
                0x0000000008003a04                ETH_PHY_IO_WriteReg
 .text.HAL_ETH_RxCpltCallback
                0x0000000008003a20       0x10 CMakeFiles/13-socket.elf.dir/LWIP/Target/ethernetif.c.obj
                0x0000000008003a20                HAL_ETH_RxCpltCallback
 .text.HAL_ETH_TxCpltCallback
                0x0000000008003a30       0x10 CMakeFiles/13-socket.elf.dir/LWIP/Target/ethernetif.c.obj
                0x0000000008003a30                HAL_ETH_TxCpltCallback
 .text.HAL_ETH_ErrorCallback
                0x0000000008003a40       0x1c CMakeFiles/13-socket.elf.dir/LWIP/Target/ethernetif.c.obj
                0x0000000008003a40                HAL_ETH_ErrorCallback
 .text.ethernetif_init
                0x0000000008003a5c       0x48 CMakeFiles/13-socket.elf.dir/LWIP/Target/ethernetif.c.obj
                0x0000000008003a5c                ethernetif_init
 .text.sys_now  0x0000000008003aa4        0x8 CMakeFiles/13-socket.elf.dir/LWIP/Target/ethernetif.c.obj
                0x0000000008003aa4                sys_now
 .text.HAL_ETH_MspInit
                0x0000000008003aac      0x124 CMakeFiles/13-socket.elf.dir/LWIP/Target/ethernetif.c.obj
                0x0000000008003aac                HAL_ETH_MspInit
 .text.ethernet_link_thread
                0x0000000008003bd0       0xbc CMakeFiles/13-socket.elf.dir/LWIP/Target/ethernetif.c.obj
                0x0000000008003bd0                ethernet_link_thread
 .text.HAL_ETH_RxAllocateCallback
                0x0000000008003c8c       0x4c CMakeFiles/13-socket.elf.dir/LWIP/Target/ethernetif.c.obj
                0x0000000008003c8c                HAL_ETH_RxAllocateCallback
 .text.HAL_ETH_RxLinkCallback
                0x0000000008003cd8       0x36 CMakeFiles/13-socket.elf.dir/LWIP/Target/ethernetif.c.obj
                0x0000000008003cd8                HAL_ETH_RxLinkCallback
 .text.HAL_ETH_TxFreeCallback
                0x0000000008003d0e        0x8 CMakeFiles/13-socket.elf.dir/LWIP/Target/ethernetif.c.obj
                0x0000000008003d0e                HAL_ETH_TxFreeCallback
 .text.SysTick_Handler
                0x0000000008003d16       0x18 CMakeFiles/13-socket.elf.dir/Middlewares/Third_Party/FreeRTOS/Source/CMSIS_RTOS_V2/cmsis_os2.c.obj
                0x0000000008003d16                SysTick_Handler
 *fill*         0x0000000008003d2e        0x2 
 .text.osKernelInitialize
                0x0000000008003d30       0x24 CMakeFiles/13-socket.elf.dir/Middlewares/Third_Party/FreeRTOS/Source/CMSIS_RTOS_V2/cmsis_os2.c.obj
                0x0000000008003d30                osKernelInitialize
 .text.osKernelStart
                0x0000000008003d54       0x38 CMakeFiles/13-socket.elf.dir/Middlewares/Third_Party/FreeRTOS/Source/CMSIS_RTOS_V2/cmsis_os2.c.obj
                0x0000000008003d54                osKernelStart
 .text.osKernelGetTickCount
                0x0000000008003d8c       0x14 CMakeFiles/13-socket.elf.dir/Middlewares/Third_Party/FreeRTOS/Source/CMSIS_RTOS_V2/cmsis_os2.c.obj
                0x0000000008003d8c                osKernelGetTickCount
 .text.osThreadNew
                0x0000000008003da0       0xbe CMakeFiles/13-socket.elf.dir/Middlewares/Third_Party/FreeRTOS/Source/CMSIS_RTOS_V2/cmsis_os2.c.obj
                0x0000000008003da0                osThreadNew
 .text.osDelay  0x0000000008003e5e       0x1c CMakeFiles/13-socket.elf.dir/Middlewares/Third_Party/FreeRTOS/Source/CMSIS_RTOS_V2/cmsis_os2.c.obj
                0x0000000008003e5e                osDelay
 .text.osMutexNew
                0x0000000008003e7a       0x94 CMakeFiles/13-socket.elf.dir/Middlewares/Third_Party/FreeRTOS/Source/CMSIS_RTOS_V2/cmsis_os2.c.obj
                0x0000000008003e7a                osMutexNew
 .text.osMutexAcquire
                0x0000000008003f0e       0x58 CMakeFiles/13-socket.elf.dir/Middlewares/Third_Party/FreeRTOS/Source/CMSIS_RTOS_V2/cmsis_os2.c.obj
                0x0000000008003f0e                osMutexAcquire
 .text.osMutexRelease
                0x0000000008003f66       0x4c CMakeFiles/13-socket.elf.dir/Middlewares/Third_Party/FreeRTOS/Source/CMSIS_RTOS_V2/cmsis_os2.c.obj
                0x0000000008003f66                osMutexRelease
 .text.osSemaphoreNew
                0x0000000008003fb2       0xb4 CMakeFiles/13-socket.elf.dir/Middlewares/Third_Party/FreeRTOS/Source/CMSIS_RTOS_V2/cmsis_os2.c.obj
                0x0000000008003fb2                osSemaphoreNew
 .text.osSemaphoreAcquire
                0x0000000008004066       0x68 CMakeFiles/13-socket.elf.dir/Middlewares/Third_Party/FreeRTOS/Source/CMSIS_RTOS_V2/cmsis_os2.c.obj
                0x0000000008004066                osSemaphoreAcquire
 .text.osSemaphoreRelease
                0x00000000080040ce       0x5e CMakeFiles/13-socket.elf.dir/Middlewares/Third_Party/FreeRTOS/Source/CMSIS_RTOS_V2/cmsis_os2.c.obj
                0x00000000080040ce                osSemaphoreRelease
 .text.osSemaphoreDelete
                0x000000000800412c       0x26 CMakeFiles/13-socket.elf.dir/Middlewares/Third_Party/FreeRTOS/Source/CMSIS_RTOS_V2/cmsis_os2.c.obj
                0x000000000800412c                osSemaphoreDelete
 .text.osMessageQueueNew
                0x0000000008004152       0x96 CMakeFiles/13-socket.elf.dir/Middlewares/Third_Party/FreeRTOS/Source/CMSIS_RTOS_V2/cmsis_os2.c.obj
                0x0000000008004152                osMessageQueueNew
 .text.osMessageQueuePut
                0x00000000080041e8       0x84 CMakeFiles/13-socket.elf.dir/Middlewares/Third_Party/FreeRTOS/Source/CMSIS_RTOS_V2/cmsis_os2.c.obj
                0x00000000080041e8                osMessageQueuePut
 .text.osMessageQueueGet
                0x000000000800426c       0x82 CMakeFiles/13-socket.elf.dir/Middlewares/Third_Party/FreeRTOS/Source/CMSIS_RTOS_V2/cmsis_os2.c.obj
                0x000000000800426c                osMessageQueueGet
 .text.osMessageQueueGetCount
                0x00000000080042ee       0x1a CMakeFiles/13-socket.elf.dir/Middlewares/Third_Party/FreeRTOS/Source/CMSIS_RTOS_V2/cmsis_os2.c.obj
                0x00000000080042ee                osMessageQueueGetCount
 .text.osMessageQueueDelete
                0x0000000008004308       0x26 CMakeFiles/13-socket.elf.dir/Middlewares/Third_Party/FreeRTOS/Source/CMSIS_RTOS_V2/cmsis_os2.c.obj
                0x0000000008004308                osMessageQueueDelete
 *fill*         0x000000000800432e        0x2 
 .text.vApplicationGetIdleTaskMemory
                0x0000000008004330       0x18 CMakeFiles/13-socket.elf.dir/Middlewares/Third_Party/FreeRTOS/Source/CMSIS_RTOS_V2/cmsis_os2.c.obj
                0x0000000008004330                vApplicationGetIdleTaskMemory
 .text.vApplicationGetTimerTaskMemory
                0x0000000008004348       0x18 CMakeFiles/13-socket.elf.dir/Middlewares/Third_Party/FreeRTOS/Source/CMSIS_RTOS_V2/cmsis_os2.c.obj
                0x0000000008004348                vApplicationGetTimerTaskMemory
 .text.vListInitialise
                0x0000000008004360       0x16 CMakeFiles/13-socket.elf.dir/Middlewares/Third_Party/FreeRTOS/Source/list.c.obj
                0x0000000008004360                vListInitialise
 .text.vListInitialiseItem
                0x0000000008004376        0x6 CMakeFiles/13-socket.elf.dir/Middlewares/Third_Party/FreeRTOS/Source/list.c.obj
                0x0000000008004376                vListInitialiseItem
 .text.vListInsertEnd
                0x000000000800437c       0x16 CMakeFiles/13-socket.elf.dir/Middlewares/Third_Party/FreeRTOS/Source/list.c.obj
                0x000000000800437c                vListInsertEnd
 .text.vListInsert
                0x0000000008004392       0x32 CMakeFiles/13-socket.elf.dir/Middlewares/Third_Party/FreeRTOS/Source/list.c.obj
                0x0000000008004392                vListInsert
 .text.uxListRemove
                0x00000000080043c4       0x26 CMakeFiles/13-socket.elf.dir/Middlewares/Third_Party/FreeRTOS/Source/list.c.obj
                0x00000000080043c4                uxListRemove
 *fill*         0x00000000080043ea        0x2 
 .text.prvTaskExitError
                0x00000000080043ec       0x40 CMakeFiles/13-socket.elf.dir/Middlewares/Third_Party/FreeRTOS/Source/portable/GCC/ARM_CM4F/port.c.obj
 .text.prvPortStartFirstTask
                0x000000000800442c       0x28 CMakeFiles/13-socket.elf.dir/Middlewares/Third_Party/FreeRTOS/Source/portable/GCC/ARM_CM4F/port.c.obj
 .text.vPortEnableVFP
                0x0000000008004454       0x14 CMakeFiles/13-socket.elf.dir/Middlewares/Third_Party/FreeRTOS/Source/portable/GCC/ARM_CM4F/port.c.obj
 .text.pxPortInitialiseStack
                0x0000000008004468       0x2c CMakeFiles/13-socket.elf.dir/Middlewares/Third_Party/FreeRTOS/Source/portable/GCC/ARM_CM4F/port.c.obj
                0x0000000008004468                pxPortInitialiseStack
 *fill*         0x0000000008004494        0xc 
 .text.SVC_Handler
                0x00000000080044a0       0x24 CMakeFiles/13-socket.elf.dir/Middlewares/Third_Party/FreeRTOS/Source/portable/GCC/ARM_CM4F/port.c.obj
                0x00000000080044a0                SVC_Handler
 .text.vPortEnterCritical
                0x00000000080044c4       0x44 CMakeFiles/13-socket.elf.dir/Middlewares/Third_Party/FreeRTOS/Source/portable/GCC/ARM_CM4F/port.c.obj
                0x00000000080044c4                vPortEnterCritical
 .text.vPortExitCritical
                0x0000000008004508       0x2c CMakeFiles/13-socket.elf.dir/Middlewares/Third_Party/FreeRTOS/Source/portable/GCC/ARM_CM4F/port.c.obj
                0x0000000008004508                vPortExitCritical
 *fill*         0x0000000008004534        0xc 
 .text.PendSV_Handler
                0x0000000008004540       0x64 CMakeFiles/13-socket.elf.dir/Middlewares/Third_Party/FreeRTOS/Source/portable/GCC/ARM_CM4F/port.c.obj
                0x0000000008004540                PendSV_Handler
 .text.xPortSysTickHandler
                0x00000000080045a4       0x2c CMakeFiles/13-socket.elf.dir/Middlewares/Third_Party/FreeRTOS/Source/portable/GCC/ARM_CM4F/port.c.obj
                0x00000000080045a4                xPortSysTickHandler
 .text.vPortSetupTimerInterrupt
                0x00000000080045d0       0x28 CMakeFiles/13-socket.elf.dir/Middlewares/Third_Party/FreeRTOS/Source/portable/GCC/ARM_CM4F/port.c.obj
                0x00000000080045d0                vPortSetupTimerInterrupt
 .text.xPortStartScheduler
                0x00000000080045f8      0x118 CMakeFiles/13-socket.elf.dir/Middlewares/Third_Party/FreeRTOS/Source/portable/GCC/ARM_CM4F/port.c.obj
                0x00000000080045f8                xPortStartScheduler
 .text.vPortValidateInterruptPriority
                0x0000000008004710       0x5c CMakeFiles/13-socket.elf.dir/Middlewares/Third_Party/FreeRTOS/Source/portable/GCC/ARM_CM4F/port.c.obj
                0x0000000008004710                vPortValidateInterruptPriority
 .text.prvHeapInit
                0x000000000800476c       0x64 CMakeFiles/13-socket.elf.dir/Middlewares/Third_Party/FreeRTOS/Source/portable/MemMang/heap_4.c.obj
 .text.prvInsertBlockIntoFreeList
                0x00000000080047d0       0x64 CMakeFiles/13-socket.elf.dir/Middlewares/Third_Party/FreeRTOS/Source/portable/MemMang/heap_4.c.obj
 .text.pvPortMalloc
                0x0000000008004834       0xfc CMakeFiles/13-socket.elf.dir/Middlewares/Third_Party/FreeRTOS/Source/portable/MemMang/heap_4.c.obj
                0x0000000008004834                pvPortMalloc
 .text.vPortFree
                0x0000000008004930       0x7c CMakeFiles/13-socket.elf.dir/Middlewares/Third_Party/FreeRTOS/Source/portable/MemMang/heap_4.c.obj
                0x0000000008004930                vPortFree
 .text.prvGetDisinheritPriorityAfterTimeout
                0x00000000080049ac       0x10 CMakeFiles/13-socket.elf.dir/Middlewares/Third_Party/FreeRTOS/Source/queue.c.obj
 .text.prvIsQueueFull
                0x00000000080049bc       0x1e CMakeFiles/13-socket.elf.dir/Middlewares/Third_Party/FreeRTOS/Source/queue.c.obj
 .text.prvIsQueueEmpty
                0x00000000080049da       0x1a CMakeFiles/13-socket.elf.dir/Middlewares/Third_Party/FreeRTOS/Source/queue.c.obj
 .text.prvCopyDataToQueue
                0x00000000080049f4       0x76 CMakeFiles/13-socket.elf.dir/Middlewares/Third_Party/FreeRTOS/Source/queue.c.obj
 .text.prvCopyDataFromQueue
                0x0000000008004a6a       0x24 CMakeFiles/13-socket.elf.dir/Middlewares/Third_Party/FreeRTOS/Source/queue.c.obj
 .text.prvUnlockQueue
                0x0000000008004a8e       0x6e CMakeFiles/13-socket.elf.dir/Middlewares/Third_Party/FreeRTOS/Source/queue.c.obj
 .text.xQueueGenericReset
                0x0000000008004afc       0x84 CMakeFiles/13-socket.elf.dir/Middlewares/Third_Party/FreeRTOS/Source/queue.c.obj
                0x0000000008004afc                xQueueGenericReset
 .text.prvInitialiseNewQueue
                0x0000000008004b80       0x22 CMakeFiles/13-socket.elf.dir/Middlewares/Third_Party/FreeRTOS/Source/queue.c.obj
 .text.xQueueGenericCreateStatic
                0x0000000008004ba2       0x94 CMakeFiles/13-socket.elf.dir/Middlewares/Third_Party/FreeRTOS/Source/queue.c.obj
                0x0000000008004ba2                xQueueGenericCreateStatic
 .text.xQueueGenericCreate
                0x0000000008004c36       0x48 CMakeFiles/13-socket.elf.dir/Middlewares/Third_Party/FreeRTOS/Source/queue.c.obj
                0x0000000008004c36                xQueueGenericCreate
 .text.xQueueCreateCountingSemaphoreStatic
                0x0000000008004c7e       0x46 CMakeFiles/13-socket.elf.dir/Middlewares/Third_Party/FreeRTOS/Source/queue.c.obj
                0x0000000008004c7e                xQueueCreateCountingSemaphoreStatic
 .text.xQueueCreateCountingSemaphore
                0x0000000008004cc4       0x3c CMakeFiles/13-socket.elf.dir/Middlewares/Third_Party/FreeRTOS/Source/queue.c.obj
                0x0000000008004cc4                xQueueCreateCountingSemaphore
 .text.xQueueGenericSend
                0x0000000008004d00      0x188 CMakeFiles/13-socket.elf.dir/Middlewares/Third_Party/FreeRTOS/Source/queue.c.obj
                0x0000000008004d00                xQueueGenericSend
 .text.prvInitialiseMutex
                0x0000000008004e88       0x18 CMakeFiles/13-socket.elf.dir/Middlewares/Third_Party/FreeRTOS/Source/queue.c.obj
 .text.xQueueCreateMutex
                0x0000000008004ea0       0x16 CMakeFiles/13-socket.elf.dir/Middlewares/Third_Party/FreeRTOS/Source/queue.c.obj
                0x0000000008004ea0                xQueueCreateMutex
 .text.xQueueCreateMutexStatic
                0x0000000008004eb6       0x1e CMakeFiles/13-socket.elf.dir/Middlewares/Third_Party/FreeRTOS/Source/queue.c.obj
                0x0000000008004eb6                xQueueCreateMutexStatic
 .text.xQueueGiveMutexRecursive
                0x0000000008004ed4       0x40 CMakeFiles/13-socket.elf.dir/Middlewares/Third_Party/FreeRTOS/Source/queue.c.obj
                0x0000000008004ed4                xQueueGiveMutexRecursive
 .text.xQueueGenericSendFromISR
                0x0000000008004f14       0xce CMakeFiles/13-socket.elf.dir/Middlewares/Third_Party/FreeRTOS/Source/queue.c.obj
                0x0000000008004f14                xQueueGenericSendFromISR
 .text.xQueueGiveFromISR
                0x0000000008004fe2       0xb2 CMakeFiles/13-socket.elf.dir/Middlewares/Third_Party/FreeRTOS/Source/queue.c.obj
                0x0000000008004fe2                xQueueGiveFromISR
 .text.xQueueReceive
                0x0000000008005094      0x15e CMakeFiles/13-socket.elf.dir/Middlewares/Third_Party/FreeRTOS/Source/queue.c.obj
                0x0000000008005094                xQueueReceive
 .text.xQueueSemaphoreTake
                0x00000000080051f2      0x1a6 CMakeFiles/13-socket.elf.dir/Middlewares/Third_Party/FreeRTOS/Source/queue.c.obj
                0x00000000080051f2                xQueueSemaphoreTake
 .text.xQueueTakeMutexRecursive
                0x0000000008005398       0x40 CMakeFiles/13-socket.elf.dir/Middlewares/Third_Party/FreeRTOS/Source/queue.c.obj
                0x0000000008005398                xQueueTakeMutexRecursive
 .text.xQueueReceiveFromISR
                0x00000000080053d8       0xa8 CMakeFiles/13-socket.elf.dir/Middlewares/Third_Party/FreeRTOS/Source/queue.c.obj
                0x00000000080053d8                xQueueReceiveFromISR
 .text.uxQueueMessagesWaiting
                0x0000000008005480       0x26 CMakeFiles/13-socket.elf.dir/Middlewares/Third_Party/FreeRTOS/Source/queue.c.obj
                0x0000000008005480                uxQueueMessagesWaiting
 .text.uxQueueMessagesWaitingFromISR
                0x00000000080054a6       0x18 CMakeFiles/13-socket.elf.dir/Middlewares/Third_Party/FreeRTOS/Source/queue.c.obj
                0x00000000080054a6                uxQueueMessagesWaitingFromISR
 *fill*         0x00000000080054be        0x2 
 .text.vQueueAddToRegistry
                0x00000000080054c0       0x28 CMakeFiles/13-socket.elf.dir/Middlewares/Third_Party/FreeRTOS/Source/queue.c.obj
                0x00000000080054c0                vQueueAddToRegistry
 .text.vQueueUnregisterQueue
                0x00000000080054e8       0x2c CMakeFiles/13-socket.elf.dir/Middlewares/Third_Party/FreeRTOS/Source/queue.c.obj
                0x00000000080054e8                vQueueUnregisterQueue
 .text.vQueueDelete
                0x0000000008005514       0x2c CMakeFiles/13-socket.elf.dir/Middlewares/Third_Party/FreeRTOS/Source/queue.c.obj
                0x0000000008005514                vQueueDelete
 .text.vQueueWaitForMessageRestricted
                0x0000000008005540       0x52 CMakeFiles/13-socket.elf.dir/Middlewares/Third_Party/FreeRTOS/Source/queue.c.obj
                0x0000000008005540                vQueueWaitForMessageRestricted
 *fill*         0x0000000008005592        0x2 
 .text.prvResetNextTaskUnblockTime
                0x0000000008005594       0x2c CMakeFiles/13-socket.elf.dir/Middlewares/Third_Party/FreeRTOS/Source/tasks.c.obj
 .text.prvInitialiseNewTask
                0x00000000080055c0      0x106 CMakeFiles/13-socket.elf.dir/Middlewares/Third_Party/FreeRTOS/Source/tasks.c.obj
 *fill*         0x00000000080056c6        0x2 
 .text.prvInitialiseTaskLists
                0x00000000080056c8       0x68 CMakeFiles/13-socket.elf.dir/Middlewares/Third_Party/FreeRTOS/Source/tasks.c.obj
 .text.prvAddNewTaskToReadyList
                0x0000000008005730       0xac CMakeFiles/13-socket.elf.dir/Middlewares/Third_Party/FreeRTOS/Source/tasks.c.obj
 .text.prvDeleteTCB
                0x00000000080057dc       0x40 CMakeFiles/13-socket.elf.dir/Middlewares/Third_Party/FreeRTOS/Source/tasks.c.obj
 .text.prvCheckTasksWaitingTermination
                0x000000000800581c       0x4c CMakeFiles/13-socket.elf.dir/Middlewares/Third_Party/FreeRTOS/Source/tasks.c.obj
 .text.prvIdleTask
                0x0000000008005868       0x28 CMakeFiles/13-socket.elf.dir/Middlewares/Third_Party/FreeRTOS/Source/tasks.c.obj
 .text.prvAddCurrentTaskToDelayedList
                0x0000000008005890       0x7c CMakeFiles/13-socket.elf.dir/Middlewares/Third_Party/FreeRTOS/Source/tasks.c.obj
 .text.xTaskCreateStatic
                0x000000000800590c       0x7a CMakeFiles/13-socket.elf.dir/Middlewares/Third_Party/FreeRTOS/Source/tasks.c.obj
                0x000000000800590c                xTaskCreateStatic
 .text.xTaskCreate
                0x0000000008005986       0x6a CMakeFiles/13-socket.elf.dir/Middlewares/Third_Party/FreeRTOS/Source/tasks.c.obj
                0x0000000008005986                xTaskCreate
 .text.vTaskStartScheduler
                0x00000000080059f0       0xac CMakeFiles/13-socket.elf.dir/Middlewares/Third_Party/FreeRTOS/Source/tasks.c.obj
                0x00000000080059f0                vTaskStartScheduler
 .text.vTaskSuspendAll
                0x0000000008005a9c       0x10 CMakeFiles/13-socket.elf.dir/Middlewares/Third_Party/FreeRTOS/Source/tasks.c.obj
                0x0000000008005a9c                vTaskSuspendAll
 .text.xTaskGetTickCount
                0x0000000008005aac        0xc CMakeFiles/13-socket.elf.dir/Middlewares/Third_Party/FreeRTOS/Source/tasks.c.obj
                0x0000000008005aac                xTaskGetTickCount
 .text.xTaskGetTickCountFromISR
                0x0000000008005ab8       0x10 CMakeFiles/13-socket.elf.dir/Middlewares/Third_Party/FreeRTOS/Source/tasks.c.obj
                0x0000000008005ab8                xTaskGetTickCountFromISR
 .text.xTaskIncrementTick
                0x0000000008005ac8      0x118 CMakeFiles/13-socket.elf.dir/Middlewares/Third_Party/FreeRTOS/Source/tasks.c.obj
                0x0000000008005ac8                xTaskIncrementTick
 .text.xTaskResumeAll
                0x0000000008005be0       0xf8 CMakeFiles/13-socket.elf.dir/Middlewares/Third_Party/FreeRTOS/Source/tasks.c.obj
                0x0000000008005be0                xTaskResumeAll
 .text.vTaskDelay
                0x0000000008005cd8       0x4c CMakeFiles/13-socket.elf.dir/Middlewares/Third_Party/FreeRTOS/Source/tasks.c.obj
                0x0000000008005cd8                vTaskDelay
 .text.vTaskSwitchContext
                0x0000000008005d24       0xa0 CMakeFiles/13-socket.elf.dir/Middlewares/Third_Party/FreeRTOS/Source/tasks.c.obj
                0x0000000008005d24                vTaskSwitchContext
 .text.vTaskPlaceOnEventList
                0x0000000008005dc4       0x30 CMakeFiles/13-socket.elf.dir/Middlewares/Third_Party/FreeRTOS/Source/tasks.c.obj
                0x0000000008005dc4                vTaskPlaceOnEventList
 .text.vTaskPlaceOnEventListRestricted
                0x0000000008005df4       0x38 CMakeFiles/13-socket.elf.dir/Middlewares/Third_Party/FreeRTOS/Source/tasks.c.obj
                0x0000000008005df4                vTaskPlaceOnEventListRestricted
 .text.xTaskRemoveFromEventList
                0x0000000008005e2c       0x8c CMakeFiles/13-socket.elf.dir/Middlewares/Third_Party/FreeRTOS/Source/tasks.c.obj
                0x0000000008005e2c                xTaskRemoveFromEventList
 .text.vTaskInternalSetTimeOutState
                0x0000000008005eb8       0x18 CMakeFiles/13-socket.elf.dir/Middlewares/Third_Party/FreeRTOS/Source/tasks.c.obj
                0x0000000008005eb8                vTaskInternalSetTimeOutState
 .text.xTaskCheckForTimeOut
                0x0000000008005ed0       0x84 CMakeFiles/13-socket.elf.dir/Middlewares/Third_Party/FreeRTOS/Source/tasks.c.obj
                0x0000000008005ed0                xTaskCheckForTimeOut
 .text.vTaskMissedYield
                0x0000000008005f54        0xc CMakeFiles/13-socket.elf.dir/Middlewares/Third_Party/FreeRTOS/Source/tasks.c.obj
                0x0000000008005f54                vTaskMissedYield
 .text.xTaskGetCurrentTaskHandle
                0x0000000008005f60        0xc CMakeFiles/13-socket.elf.dir/Middlewares/Third_Party/FreeRTOS/Source/tasks.c.obj
                0x0000000008005f60                xTaskGetCurrentTaskHandle
 .text.xTaskGetSchedulerState
                0x0000000008005f6c       0x20 CMakeFiles/13-socket.elf.dir/Middlewares/Third_Party/FreeRTOS/Source/tasks.c.obj
                0x0000000008005f6c                xTaskGetSchedulerState
 .text.xTaskPriorityInherit
                0x0000000008005f8c       0x98 CMakeFiles/13-socket.elf.dir/Middlewares/Third_Party/FreeRTOS/Source/tasks.c.obj
                0x0000000008005f8c                xTaskPriorityInherit
 .text.xTaskPriorityDisinherit
                0x0000000008006024       0x90 CMakeFiles/13-socket.elf.dir/Middlewares/Third_Party/FreeRTOS/Source/tasks.c.obj
                0x0000000008006024                xTaskPriorityDisinherit
 .text.vTaskPriorityDisinheritAfterTimeout
                0x00000000080060b4       0xa0 CMakeFiles/13-socket.elf.dir/Middlewares/Third_Party/FreeRTOS/Source/tasks.c.obj
                0x00000000080060b4                vTaskPriorityDisinheritAfterTimeout
 .text.pvTaskIncrementMutexHeldCount
                0x0000000008006154       0x1c CMakeFiles/13-socket.elf.dir/Middlewares/Third_Party/FreeRTOS/Source/tasks.c.obj
                0x0000000008006154                pvTaskIncrementMutexHeldCount
 .text.prvGetNextExpireTime
                0x0000000008006170       0x20 CMakeFiles/13-socket.elf.dir/Middlewares/Third_Party/FreeRTOS/Source/timers.c.obj
 .text.prvInsertTimerInActiveList
                0x0000000008006190       0x48 CMakeFiles/13-socket.elf.dir/Middlewares/Third_Party/FreeRTOS/Source/timers.c.obj
 .text.prvCheckForValidListAndQueue
                0x00000000080061d8       0x70 CMakeFiles/13-socket.elf.dir/Middlewares/Third_Party/FreeRTOS/Source/timers.c.obj
 .text.xTimerCreateTimerTask
                0x0000000008006248       0x64 CMakeFiles/13-socket.elf.dir/Middlewares/Third_Party/FreeRTOS/Source/timers.c.obj
                0x0000000008006248                xTimerCreateTimerTask
 .text.xTimerGenericCommand
                0x00000000080062ac       0x6c CMakeFiles/13-socket.elf.dir/Middlewares/Third_Party/FreeRTOS/Source/timers.c.obj
                0x00000000080062ac                xTimerGenericCommand
 .text.prvSwitchTimerLists
                0x0000000008006318       0x7c CMakeFiles/13-socket.elf.dir/Middlewares/Third_Party/FreeRTOS/Source/timers.c.obj
 .text.prvSampleTimeNow
                0x0000000008006394       0x2c CMakeFiles/13-socket.elf.dir/Middlewares/Third_Party/FreeRTOS/Source/timers.c.obj
 .text.prvProcessExpiredTimer
                0x00000000080063c0       0x6c CMakeFiles/13-socket.elf.dir/Middlewares/Third_Party/FreeRTOS/Source/timers.c.obj
 .text.prvProcessTimerOrBlockTask
                0x000000000800642c       0x74 CMakeFiles/13-socket.elf.dir/Middlewares/Third_Party/FreeRTOS/Source/timers.c.obj
 .text.prvProcessReceivedCommands
                0x00000000080064a0      0x10c CMakeFiles/13-socket.elf.dir/Middlewares/Third_Party/FreeRTOS/Source/timers.c.obj
 .text.prvTimerTask
                0x00000000080065ac       0x16 CMakeFiles/13-socket.elf.dir/Middlewares/Third_Party/FreeRTOS/Source/timers.c.obj
 .text.netconn_apimsg
                0x00000000080065c2       0x16 CMakeFiles/13-socket.elf.dir/Middlewares/Third_Party/LwIP/src/api/api_lib.c.obj
 .text.netconn_tcp_recvd_msg
                0x00000000080065d8       0x44 CMakeFiles/13-socket.elf.dir/Middlewares/Third_Party/LwIP/src/api/api_lib.c.obj
 .text.netconn_close_shutdown
                0x000000000800661c       0x44 CMakeFiles/13-socket.elf.dir/Middlewares/Third_Party/LwIP/src/api/api_lib.c.obj
 .text.netconn_new_with_proto_and_callback
                0x0000000008006660       0xb8 CMakeFiles/13-socket.elf.dir/Middlewares/Third_Party/LwIP/src/api/api_lib.c.obj
                0x0000000008006660                netconn_new_with_proto_and_callback
 .text.netconn_prepare_delete
                0x0000000008006718       0x24 CMakeFiles/13-socket.elf.dir/Middlewares/Third_Party/LwIP/src/api/api_lib.c.obj
                0x0000000008006718                netconn_prepare_delete
 .text.netconn_delete
                0x000000000800673c       0x1e CMakeFiles/13-socket.elf.dir/Middlewares/Third_Party/LwIP/src/api/api_lib.c.obj
                0x000000000800673c                netconn_delete
 *fill*         0x000000000800675a        0x2 
 .text.netconn_getaddr
                0x000000000800675c       0x74 CMakeFiles/13-socket.elf.dir/Middlewares/Third_Party/LwIP/src/api/api_lib.c.obj
                0x000000000800675c                netconn_getaddr
 .text.netconn_bind
                0x00000000080067d0       0x4c CMakeFiles/13-socket.elf.dir/Middlewares/Third_Party/LwIP/src/api/api_lib.c.obj
                0x00000000080067d0                netconn_bind
 .text.netconn_listen_with_backlog
                0x000000000800681c       0x3c CMakeFiles/13-socket.elf.dir/Middlewares/Third_Party/LwIP/src/api/api_lib.c.obj
                0x000000000800681c                netconn_listen_with_backlog
 .text.netconn_tcp_recvd
                0x0000000008006858       0x3c CMakeFiles/13-socket.elf.dir/Middlewares/Third_Party/LwIP/src/api/api_lib.c.obj
                0x0000000008006858                netconn_tcp_recvd
 .text.netconn_send
                0x0000000008006894       0x3c CMakeFiles/13-socket.elf.dir/Middlewares/Third_Party/LwIP/src/api/api_lib.c.obj
                0x0000000008006894                netconn_send
 .text.netconn_write_vectors_partly
                0x00000000080068d0      0x100 CMakeFiles/13-socket.elf.dir/Middlewares/Third_Party/LwIP/src/api/api_lib.c.obj
                0x00000000080068d0                netconn_write_vectors_partly
 .text.netconn_write_partly
                0x00000000080069d0       0x1a CMakeFiles/13-socket.elf.dir/Middlewares/Third_Party/LwIP/src/api/api_lib.c.obj
                0x00000000080069d0                netconn_write_partly
 .text.netconn_err
                0x00000000080069ea       0x1e CMakeFiles/13-socket.elf.dir/Middlewares/Third_Party/LwIP/src/api/api_lib.c.obj
                0x00000000080069ea                netconn_err
 .text.netconn_accept
                0x0000000008006a08       0xcc CMakeFiles/13-socket.elf.dir/Middlewares/Third_Party/LwIP/src/api/api_lib.c.obj
                0x0000000008006a08                netconn_accept
 .text.netconn_recv_data
                0x0000000008006ad4      0x124 CMakeFiles/13-socket.elf.dir/Middlewares/Third_Party/LwIP/src/api/api_lib.c.obj
 .text.netconn_recv_udp_raw_netbuf_flags
                0x0000000008006bf8       0x34 CMakeFiles/13-socket.elf.dir/Middlewares/Third_Party/LwIP/src/api/api_lib.c.obj
                0x0000000008006bf8                netconn_recv_udp_raw_netbuf_flags
 .text.netconn_recv_data_tcp
                0x0000000008006c2c       0xa2 CMakeFiles/13-socket.elf.dir/Middlewares/Third_Party/LwIP/src/api/api_lib.c.obj
 *fill*         0x0000000008006cce        0x2 
 .text.netconn_recv_tcp_pbuf_flags
                0x0000000008006cd0       0x34 CMakeFiles/13-socket.elf.dir/Middlewares/Third_Party/LwIP/src/api/api_lib.c.obj
                0x0000000008006cd0                netconn_recv_tcp_pbuf_flags
 .text.lwip_netconn_err_to_msg
                0x0000000008006d04       0x50 CMakeFiles/13-socket.elf.dir/Middlewares/Third_Party/LwIP/src/api/api_msg.c.obj
 .text.recv_udp
                0x0000000008006d54       0xc4 CMakeFiles/13-socket.elf.dir/Middlewares/Third_Party/LwIP/src/api/api_msg.c.obj
 .text.setup_tcp
                0x0000000008006e18       0x40 CMakeFiles/13-socket.elf.dir/Middlewares/Third_Party/LwIP/src/api/api_msg.c.obj
 .text.pcb_new  0x0000000008006e58       0x88 CMakeFiles/13-socket.elf.dir/Middlewares/Third_Party/LwIP/src/api/api_msg.c.obj
 .text.err_tcp  0x0000000008006ee0      0x124 CMakeFiles/13-socket.elf.dir/Middlewares/Third_Party/LwIP/src/api/api_msg.c.obj
 .text.lwip_netconn_do_writemore
                0x0000000008007004      0x294 CMakeFiles/13-socket.elf.dir/Middlewares/Third_Party/LwIP/src/api/api_msg.c.obj
 .text.lwip_netconn_do_close_internal
                0x0000000008007298      0x220 CMakeFiles/13-socket.elf.dir/Middlewares/Third_Party/LwIP/src/api/api_msg.c.obj
 .text.poll_tcp
                0x00000000080074b8       0x80 CMakeFiles/13-socket.elf.dir/Middlewares/Third_Party/LwIP/src/api/api_msg.c.obj
 .text.sent_tcp
                0x0000000008007538       0x74 CMakeFiles/13-socket.elf.dir/Middlewares/Third_Party/LwIP/src/api/api_msg.c.obj
 .text.recv_tcp
                0x00000000080075ac       0xc8 CMakeFiles/13-socket.elf.dir/Middlewares/Third_Party/LwIP/src/api/api_msg.c.obj
 .text.lwip_netconn_is_err_msg
                0x0000000008007674       0x5c CMakeFiles/13-socket.elf.dir/Middlewares/Third_Party/LwIP/src/api/api_msg.c.obj
                0x0000000008007674                lwip_netconn_is_err_msg
 .text.lwip_netconn_do_newconn
                0x00000000080076d0       0x14 CMakeFiles/13-socket.elf.dir/Middlewares/Third_Party/LwIP/src/api/api_msg.c.obj
                0x00000000080076d0                lwip_netconn_do_newconn
 .text.netconn_alloc
                0x00000000080076e4       0x88 CMakeFiles/13-socket.elf.dir/Middlewares/Third_Party/LwIP/src/api/api_msg.c.obj
                0x00000000080076e4                netconn_alloc
 .text.netconn_free
                0x000000000800776c       0x78 CMakeFiles/13-socket.elf.dir/Middlewares/Third_Party/LwIP/src/api/api_msg.c.obj
                0x000000000800776c                netconn_free
 .text.netconn_drain
                0x00000000080077e4       0xaa CMakeFiles/13-socket.elf.dir/Middlewares/Third_Party/LwIP/src/api/api_msg.c.obj
 *fill*         0x000000000800788e        0x2 
 .text.accept_function
                0x0000000008007890      0x108 CMakeFiles/13-socket.elf.dir/Middlewares/Third_Party/LwIP/src/api/api_msg.c.obj
 .text.lwip_netconn_do_delconn
                0x0000000008007998      0x148 CMakeFiles/13-socket.elf.dir/Middlewares/Third_Party/LwIP/src/api/api_msg.c.obj
                0x0000000008007998                lwip_netconn_do_delconn
 .text.lwip_netconn_do_bind
                0x0000000008007ae0       0x3a CMakeFiles/13-socket.elf.dir/Middlewares/Third_Party/LwIP/src/api/api_msg.c.obj
                0x0000000008007ae0                lwip_netconn_do_bind
 *fill*         0x0000000008007b1a        0x2 
 .text.lwip_netconn_do_listen
                0x0000000008007b1c       0xd8 CMakeFiles/13-socket.elf.dir/Middlewares/Third_Party/LwIP/src/api/api_msg.c.obj
                0x0000000008007b1c                lwip_netconn_do_listen
 .text.lwip_netconn_do_send
                0x0000000008007bf4       0x4c CMakeFiles/13-socket.elf.dir/Middlewares/Third_Party/LwIP/src/api/api_msg.c.obj
                0x0000000008007bf4                lwip_netconn_do_send
 .text.lwip_netconn_do_recv
                0x0000000008007c40       0x3c CMakeFiles/13-socket.elf.dir/Middlewares/Third_Party/LwIP/src/api/api_msg.c.obj
                0x0000000008007c40                lwip_netconn_do_recv
 .text.lwip_netconn_do_write
                0x0000000008007c7c       0xd8 CMakeFiles/13-socket.elf.dir/Middlewares/Third_Party/LwIP/src/api/api_msg.c.obj
                0x0000000008007c7c                lwip_netconn_do_write
 .text.lwip_netconn_do_getaddr
                0x0000000008007d54       0x9c CMakeFiles/13-socket.elf.dir/Middlewares/Third_Party/LwIP/src/api/api_msg.c.obj
                0x0000000008007d54                lwip_netconn_do_getaddr
 .text.lwip_netconn_do_close
                0x0000000008007df0       0xcc CMakeFiles/13-socket.elf.dir/Middlewares/Third_Party/LwIP/src/api/api_msg.c.obj
                0x0000000008007df0                lwip_netconn_do_close
 .text.err_to_errno
                0x0000000008007ebc       0x1c CMakeFiles/13-socket.elf.dir/Middlewares/Third_Party/LwIP/src/api/err.c.obj
                0x0000000008007ebc                err_to_errno
 .text.netbuf_delete
                0x0000000008007ed8       0x20 CMakeFiles/13-socket.elf.dir/Middlewares/Third_Party/LwIP/src/api/netbuf.c.obj
                0x0000000008007ed8                netbuf_delete
 .text.netbuf_free
                0x0000000008007ef8       0x30 CMakeFiles/13-socket.elf.dir/Middlewares/Third_Party/LwIP/src/api/netbuf.c.obj
                0x0000000008007ef8                netbuf_free
 .text.netbuf_ref
                0x0000000008007f28       0x5c CMakeFiles/13-socket.elf.dir/Middlewares/Third_Party/LwIP/src/api/netbuf.c.obj
                0x0000000008007f28                netbuf_ref
 .text.tryget_socket_unconn_nouse
                0x0000000008007f84       0x14 CMakeFiles/13-socket.elf.dir/Middlewares/Third_Party/LwIP/src/api/sockets.c.obj
 .text.tryget_socket_unconn
                0x0000000008007f98        0x8 CMakeFiles/13-socket.elf.dir/Middlewares/Third_Party/LwIP/src/api/sockets.c.obj
 .text.tryget_socket
                0x0000000008007fa0       0x16 CMakeFiles/13-socket.elf.dir/Middlewares/Third_Party/LwIP/src/api/sockets.c.obj
 *fill*         0x0000000008007fb6        0x2 
 .text.get_socket
                0x0000000008007fb8       0x18 CMakeFiles/13-socket.elf.dir/Middlewares/Third_Party/LwIP/src/api/sockets.c.obj
 .text.free_socket_locked
                0x0000000008007fd0       0x12 CMakeFiles/13-socket.elf.dir/Middlewares/Third_Party/LwIP/src/api/sockets.c.obj
 .text.lwip_poll_should_wake
                0x0000000008007fe2       0x4e CMakeFiles/13-socket.elf.dir/Middlewares/Third_Party/LwIP/src/api/sockets.c.obj
 .text.lwip_sockopt_to_ipopt
                0x0000000008008030       0x30 CMakeFiles/13-socket.elf.dir/Middlewares/Third_Party/LwIP/src/api/sockets.c.obj
 .text.alloc_socket
                0x0000000008008060       0x88 CMakeFiles/13-socket.elf.dir/Middlewares/Third_Party/LwIP/src/api/sockets.c.obj
 .text.lwip_sock_make_addr
                0x00000000080080e8       0xa0 CMakeFiles/13-socket.elf.dir/Middlewares/Third_Party/LwIP/src/api/sockets.c.obj
 .text.lwip_recv_tcp_from
                0x0000000008008188       0x3e CMakeFiles/13-socket.elf.dir/Middlewares/Third_Party/LwIP/src/api/sockets.c.obj
 .text.free_socket_free_elements
                0x00000000080081c6       0x20 CMakeFiles/13-socket.elf.dir/Middlewares/Third_Party/LwIP/src/api/sockets.c.obj
 .text.free_socket
                0x00000000080081e6       0x34 CMakeFiles/13-socket.elf.dir/Middlewares/Third_Party/LwIP/src/api/sockets.c.obj
 *fill*         0x000000000800821a        0x2 
 .text.lwip_recv_tcp
                0x000000000800821c      0x178 CMakeFiles/13-socket.elf.dir/Middlewares/Third_Party/LwIP/src/api/sockets.c.obj
 .text.lwip_recvfrom_udp_raw
                0x0000000008008394      0x110 CMakeFiles/13-socket.elf.dir/Middlewares/Third_Party/LwIP/src/api/sockets.c.obj
 .text.select_check_waiters
                0x00000000080084a4       0xe8 CMakeFiles/13-socket.elf.dir/Middlewares/Third_Party/LwIP/src/api/sockets.c.obj
 .text.event_callback
                0x000000000800858c       0xf0 CMakeFiles/13-socket.elf.dir/Middlewares/Third_Party/LwIP/src/api/sockets.c.obj
 .text.lwip_setsockopt_impl
                0x000000000800867c      0x228 CMakeFiles/13-socket.elf.dir/Middlewares/Third_Party/LwIP/src/api/sockets.c.obj
 .text.lwip_accept
                0x00000000080088a4      0x178 CMakeFiles/13-socket.elf.dir/Middlewares/Third_Party/LwIP/src/api/sockets.c.obj
                0x00000000080088a4                lwip_accept
 .text.lwip_bind
                0x0000000008008a1c       0x84 CMakeFiles/13-socket.elf.dir/Middlewares/Third_Party/LwIP/src/api/sockets.c.obj
                0x0000000008008a1c                lwip_bind
 .text.lwip_close
                0x0000000008008aa0       0x70 CMakeFiles/13-socket.elf.dir/Middlewares/Third_Party/LwIP/src/api/sockets.c.obj
                0x0000000008008aa0                lwip_close
 .text.lwip_listen
                0x0000000008008b10       0x58 CMakeFiles/13-socket.elf.dir/Middlewares/Third_Party/LwIP/src/api/sockets.c.obj
                0x0000000008008b10                lwip_listen
 .text.lwip_recvfrom
                0x0000000008008b68       0xc4 CMakeFiles/13-socket.elf.dir/Middlewares/Third_Party/LwIP/src/api/sockets.c.obj
                0x0000000008008b68                lwip_recvfrom
 .text.lwip_recv
                0x0000000008008c2c       0x12 CMakeFiles/13-socket.elf.dir/Middlewares/Third_Party/LwIP/src/api/sockets.c.obj
                0x0000000008008c2c                lwip_recv
 *fill*         0x0000000008008c3e        0x2 
 .text.lwip_sendto
                0x0000000008008c40      0x100 CMakeFiles/13-socket.elf.dir/Middlewares/Third_Party/LwIP/src/api/sockets.c.obj
                0x0000000008008c40                lwip_sendto
 .text.lwip_send
                0x0000000008008d40       0x80 CMakeFiles/13-socket.elf.dir/Middlewares/Third_Party/LwIP/src/api/sockets.c.obj
                0x0000000008008d40                lwip_send
 .text.lwip_socket
                0x0000000008008dc0       0x88 CMakeFiles/13-socket.elf.dir/Middlewares/Third_Party/LwIP/src/api/sockets.c.obj
                0x0000000008008dc0                lwip_socket
 .text.lwip_write
                0x0000000008008e48        0xa CMakeFiles/13-socket.elf.dir/Middlewares/Third_Party/LwIP/src/api/sockets.c.obj
                0x0000000008008e48                lwip_write
 *fill*         0x0000000008008e52        0x2 
 .text.lwip_setsockopt
                0x0000000008008e54       0x68 CMakeFiles/13-socket.elf.dir/Middlewares/Third_Party/LwIP/src/api/sockets.c.obj
                0x0000000008008e54                lwip_setsockopt
 .text.tcpip_timeouts_mbox_fetch
                0x0000000008008ebc       0x60 CMakeFiles/13-socket.elf.dir/Middlewares/Third_Party/LwIP/src/api/tcpip.c.obj
 .text.tcpip_thread_handle_msg
                0x0000000008008f1c       0x60 CMakeFiles/13-socket.elf.dir/Middlewares/Third_Party/LwIP/src/api/tcpip.c.obj
 .text.tcpip_thread
                0x0000000008008f7c       0x54 CMakeFiles/13-socket.elf.dir/Middlewares/Third_Party/LwIP/src/api/tcpip.c.obj
 .text.tcpip_inpkt
                0x0000000008008fd0       0x64 CMakeFiles/13-socket.elf.dir/Middlewares/Third_Party/LwIP/src/api/tcpip.c.obj
                0x0000000008008fd0                tcpip_inpkt
 .text.tcpip_input
                0x0000000008009034       0x24 CMakeFiles/13-socket.elf.dir/Middlewares/Third_Party/LwIP/src/api/tcpip.c.obj
                0x0000000008009034                tcpip_input
 .text.tcpip_try_callback
                0x0000000008009058       0x60 CMakeFiles/13-socket.elf.dir/Middlewares/Third_Party/LwIP/src/api/tcpip.c.obj
                0x0000000008009058                tcpip_try_callback
 .text.tcpip_send_msg_wait_sem
                0x00000000080090b8       0x20 CMakeFiles/13-socket.elf.dir/Middlewares/Third_Party/LwIP/src/api/tcpip.c.obj
                0x00000000080090b8                tcpip_send_msg_wait_sem
 .text.tcpip_init
                0x00000000080090d8       0x84 CMakeFiles/13-socket.elf.dir/Middlewares/Third_Party/LwIP/src/api/tcpip.c.obj
                0x00000000080090d8                tcpip_init
 .text.lwip_htons
                0x000000000800915c        0xa CMakeFiles/13-socket.elf.dir/Middlewares/Third_Party/LwIP/src/core/def.c.obj
                0x000000000800915c                lwip_htons
 .text.lwip_htonl
                0x0000000008009166       0x18 CMakeFiles/13-socket.elf.dir/Middlewares/Third_Party/LwIP/src/core/def.c.obj
                0x0000000008009166                lwip_htonl
 .text.lwip_init
                0x000000000800917e       0x20 CMakeFiles/13-socket.elf.dir/Middlewares/Third_Party/LwIP/src/core/init.c.obj
                0x000000000800917e                lwip_init
 .text.dhcp_set_state
                0x000000000800919e       0x10 CMakeFiles/13-socket.elf.dir/Middlewares/Third_Party/LwIP/src/core/ipv4/dhcp.c.obj
 *fill*         0x00000000080091ae        0x2 
 .text.dhcp_option_short
                0x00000000080091b0       0x3c CMakeFiles/13-socket.elf.dir/Middlewares/Third_Party/LwIP/src/core/ipv4/dhcp.c.obj
 .text.dhcp_option
                0x00000000080091ec       0x3c CMakeFiles/13-socket.elf.dir/Middlewares/Third_Party/LwIP/src/core/ipv4/dhcp.c.obj
 .text.dhcp_option_byte
                0x0000000008009228       0x30 CMakeFiles/13-socket.elf.dir/Middlewares/Third_Party/LwIP/src/core/ipv4/dhcp.c.obj
 .text.dhcp_option_long
                0x0000000008009258       0x50 CMakeFiles/13-socket.elf.dir/Middlewares/Third_Party/LwIP/src/core/ipv4/dhcp.c.obj
 .text.dhcp_create_msg
                0x00000000080092a8      0x13c CMakeFiles/13-socket.elf.dir/Middlewares/Third_Party/LwIP/src/core/ipv4/dhcp.c.obj
 .text.dhcp_handle_ack
                0x00000000080093e4       0x7c CMakeFiles/13-socket.elf.dir/Middlewares/Third_Party/LwIP/src/core/ipv4/dhcp.c.obj
 .text.dhcp_option_trailer
                0x0000000008009460       0x3e CMakeFiles/13-socket.elf.dir/Middlewares/Third_Party/LwIP/src/core/ipv4/dhcp.c.obj
 *fill*         0x000000000800949e        0x2 
 .text.dhcp_rebind
                0x00000000080094a0       0xec CMakeFiles/13-socket.elf.dir/Middlewares/Third_Party/LwIP/src/core/ipv4/dhcp.c.obj
 .text.dhcp_t2_timeout
                0x000000000800958c       0x30 CMakeFiles/13-socket.elf.dir/Middlewares/Third_Party/LwIP/src/core/ipv4/dhcp.c.obj
 .text.dhcp_reboot
                0x00000000080095bc      0x110 CMakeFiles/13-socket.elf.dir/Middlewares/Third_Party/LwIP/src/core/ipv4/dhcp.c.obj
 .text.dhcp_select
                0x00000000080096cc      0x180 CMakeFiles/13-socket.elf.dir/Middlewares/Third_Party/LwIP/src/core/ipv4/dhcp.c.obj
 .text.dhcp_handle_offer
                0x000000000800984c       0x34 CMakeFiles/13-socket.elf.dir/Middlewares/Third_Party/LwIP/src/core/ipv4/dhcp.c.obj
 .text.dhcp_discover
                0x0000000008009880       0xf4 CMakeFiles/13-socket.elf.dir/Middlewares/Third_Party/LwIP/src/core/ipv4/dhcp.c.obj
 .text.dhcp_decline
                0x0000000008009974       0x9c CMakeFiles/13-socket.elf.dir/Middlewares/Third_Party/LwIP/src/core/ipv4/dhcp.c.obj
 .text.dhcp_check
                0x0000000008009a10       0x2a CMakeFiles/13-socket.elf.dir/Middlewares/Third_Party/LwIP/src/core/ipv4/dhcp.c.obj
 *fill*         0x0000000008009a3a        0x2 
 .text.dhcp_bind
                0x0000000008009a3c      0x12c CMakeFiles/13-socket.elf.dir/Middlewares/Third_Party/LwIP/src/core/ipv4/dhcp.c.obj
 .text.dhcp_handle_nak
                0x0000000008009b68       0x24 CMakeFiles/13-socket.elf.dir/Middlewares/Third_Party/LwIP/src/core/ipv4/dhcp.c.obj
 .text.dhcp_dec_pcb_refcount
                0x0000000008009b8c       0x48 CMakeFiles/13-socket.elf.dir/Middlewares/Third_Party/LwIP/src/core/ipv4/dhcp.c.obj
 .text.dhcp_inc_pcb_refcount
                0x0000000008009bd4       0x7c CMakeFiles/13-socket.elf.dir/Middlewares/Third_Party/LwIP/src/core/ipv4/dhcp.c.obj
 .text.dhcp_parse_reply
                0x0000000008009c50      0x484 CMakeFiles/13-socket.elf.dir/Middlewares/Third_Party/LwIP/src/core/ipv4/dhcp.c.obj
 .text.dhcp_recv
                0x000000000800a0d4       0xec CMakeFiles/13-socket.elf.dir/Middlewares/Third_Party/LwIP/src/core/ipv4/dhcp.c.obj
 .text.dhcp_network_changed
                0x000000000800a1c0       0x54 CMakeFiles/13-socket.elf.dir/Middlewares/Third_Party/LwIP/src/core/ipv4/dhcp.c.obj
                0x000000000800a1c0                dhcp_network_changed
 .text.dhcp_arp_reply
                0x000000000800a214       0x40 CMakeFiles/13-socket.elf.dir/Middlewares/Third_Party/LwIP/src/core/ipv4/dhcp.c.obj
                0x000000000800a214                dhcp_arp_reply
 .text.dhcp_renew
                0x000000000800a254       0xe8 CMakeFiles/13-socket.elf.dir/Middlewares/Third_Party/LwIP/src/core/ipv4/dhcp.c.obj
                0x000000000800a254                dhcp_renew
 .text.dhcp_t1_timeout
                0x000000000800a33c       0x2c CMakeFiles/13-socket.elf.dir/Middlewares/Third_Party/LwIP/src/core/ipv4/dhcp.c.obj
 .text.dhcp_supplied_address
                0x000000000800a368       0x2e CMakeFiles/13-socket.elf.dir/Middlewares/Third_Party/LwIP/src/core/ipv4/dhcp.c.obj
                0x000000000800a368                dhcp_supplied_address
 *fill*         0x000000000800a396        0x2 
 .text.dhcp_release_and_stop
                0x000000000800a398       0xc4 CMakeFiles/13-socket.elf.dir/Middlewares/Third_Party/LwIP/src/core/ipv4/dhcp.c.obj
                0x000000000800a398                dhcp_release_and_stop
 .text.dhcp_start
                0x000000000800a45c       0xc4 CMakeFiles/13-socket.elf.dir/Middlewares/Third_Party/LwIP/src/core/ipv4/dhcp.c.obj
                0x000000000800a45c                dhcp_start
 .text.dhcp_coarse_tmr
                0x000000000800a520       0x64 CMakeFiles/13-socket.elf.dir/Middlewares/Third_Party/LwIP/src/core/ipv4/dhcp.c.obj
                0x000000000800a520                dhcp_coarse_tmr
 .text.dhcp_timeout
                0x000000000800a584       0x60 CMakeFiles/13-socket.elf.dir/Middlewares/Third_Party/LwIP/src/core/ipv4/dhcp.c.obj
 .text.dhcp_fine_tmr
                0x000000000800a5e4       0x34 CMakeFiles/13-socket.elf.dir/Middlewares/Third_Party/LwIP/src/core/ipv4/dhcp.c.obj
                0x000000000800a5e4                dhcp_fine_tmr
 .text.etharp_free_entry
                0x000000000800a618       0x34 CMakeFiles/13-socket.elf.dir/Middlewares/Third_Party/LwIP/src/core/ipv4/etharp.c.obj
 .text.etharp_find_entry
                0x000000000800a64c      0x1c4 CMakeFiles/13-socket.elf.dir/Middlewares/Third_Party/LwIP/src/core/ipv4/etharp.c.obj
 .text.etharp_update_arp_entry
                0x000000000800a810       0xc4 CMakeFiles/13-socket.elf.dir/Middlewares/Third_Party/LwIP/src/core/ipv4/etharp.c.obj
 .text.etharp_raw
                0x000000000800a8d4       0xe8 CMakeFiles/13-socket.elf.dir/Middlewares/Third_Party/LwIP/src/core/ipv4/etharp.c.obj
 .text.etharp_request_dst
                0x000000000800a9bc       0x24 CMakeFiles/13-socket.elf.dir/Middlewares/Third_Party/LwIP/src/core/ipv4/etharp.c.obj
 .text.etharp_cleanup_netif
                0x000000000800a9e0       0x3c CMakeFiles/13-socket.elf.dir/Middlewares/Third_Party/LwIP/src/core/ipv4/etharp.c.obj
                0x000000000800a9e0                etharp_cleanup_netif
 .text.etharp_input
                0x000000000800aa1c       0xc8 CMakeFiles/13-socket.elf.dir/Middlewares/Third_Party/LwIP/src/core/ipv4/etharp.c.obj
                0x000000000800aa1c                etharp_input
 .text.etharp_request
                0x000000000800aae4       0x10 CMakeFiles/13-socket.elf.dir/Middlewares/Third_Party/LwIP/src/core/ipv4/etharp.c.obj
                0x000000000800aae4                etharp_request
 .text.etharp_tmr
                0x000000000800aaf4       0x88 CMakeFiles/13-socket.elf.dir/Middlewares/Third_Party/LwIP/src/core/ipv4/etharp.c.obj
                0x000000000800aaf4                etharp_tmr
 .text.etharp_output_to_arp_index
                0x000000000800ab7c       0xdc CMakeFiles/13-socket.elf.dir/Middlewares/Third_Party/LwIP/src/core/ipv4/etharp.c.obj
 .text.etharp_query
                0x000000000800ac58      0x1b4 CMakeFiles/13-socket.elf.dir/Middlewares/Third_Party/LwIP/src/core/ipv4/etharp.c.obj
                0x000000000800ac58                etharp_query
 .text.etharp_output
                0x000000000800ae0c      0x168 CMakeFiles/13-socket.elf.dir/Middlewares/Third_Party/LwIP/src/core/ipv4/etharp.c.obj